Archive member included because of file (symbol)

libgcc/libgcc.a(_udivsi3.o)   build/malloc.o (__aeabi_uidiv)
libgcc/libgcc.a(_divsi3.o)    build/init.o (__aeabi_idiv)
libgcc/libgcc.a(_dvmd_tls.o)  libgcc/libgcc.a(_udivsi3.o) (__aeabi_idiv0)
libgcc/libgcc.a(_aeabi_uldivmod.o)
                              build/stdio.o (__aeabi_uldivmod)
libgcc/libgcc.a(bpabi.o)      libgcc/libgcc.a(_aeabi_uldivmod.o) (__gnu_uldivmod_helper)
libgcc/libgcc.a(_divdi3.o)    libgcc/libgcc.a(bpabi.o) (__divdi3)
libgcc/libgcc.a(_udivdi3.o)   libgcc/libgcc.a(bpabi.o) (__udivdi3)
libgcc/libgcc.a(unwind-arm.o)
                              libgcc/libgcc.a(_divdi3.o) (__aeabi_unwind_cpp_pr0)
libgcc/libgcc.a(libunwind.o)  libgcc/libgcc.a(unwind-arm.o) (restore_core_regs)
libgcc/libgcc.a(pr-support.o)
                              libgcc/libgcc.a(unwind-arm.o) (__gnu_unwind_execute)
libgcc/libgcc.a(_clzsi2.o)    libgcc/libgcc.a(_divdi3.o) (__clzsi2)

Discarded input sections

 .ARM.attributes
                0x0000000000000000       0x14 build/contextSwitch.o
 .ARM.attributes
                0x0000000000000000       0x14 build/drawing.o
 .ARM.attributes
                0x0000000000000000       0x14 build/frameBufferInfo.o
 .ARM.attributes
                0x0000000000000000       0x14 build/gpioFunction.o
 .ARM.attributes
                0x0000000000000000       0x14 build/interruptsHandlers.o
 .ARM.attributes
                0x0000000000000000       0x14 build/mailbox.o
 .ARM.attributes
                0x0000000000000000       0x14 build/memoryCopy.o
 .ARM.attributes
                0x0000000000000000       0x14 build/start.o
 .comment       0x0000000000000000       0x20 build/bitmap.o
 .ARM.attributes
                0x0000000000000000       0x38 build/bitmap.o
 .comment       0x0000000000000000       0x20 build/console.o
 .ARM.attributes
                0x0000000000000000       0x38 build/console.o
 .comment       0x0000000000000000       0x20 build/debug.o
 .ARM.attributes
                0x0000000000000000       0x38 build/debug.o
 .comment       0x0000000000000000       0x20 build/framebuffer.o
 .ARM.attributes
                0x0000000000000000       0x38 build/framebuffer.o
 .comment       0x0000000000000000       0x20 build/gpio.o
 .ARM.attributes
                0x0000000000000000       0x38 build/gpio.o
 .comment       0x0000000000000000       0x20 build/hash.o
 .ARM.attributes
                0x0000000000000000       0x38 build/hash.o
 .comment       0x0000000000000000       0x20 build/init.o
 .ARM.attributes
                0x0000000000000000       0x38 build/init.o
 .comment       0x0000000000000000       0x20 build/list.o
 .ARM.attributes
                0x0000000000000000       0x38 build/list.o
 .comment       0x0000000000000000       0x20 build/interrupt.o
 .ARM.attributes
                0x0000000000000000       0x38 build/interrupt.o
 .comment       0x0000000000000000       0x20 build/malloc.o
 .ARM.attributes
                0x0000000000000000       0x38 build/malloc.o
 .comment       0x0000000000000000       0x20 build/palloc.o
 .ARM.attributes
                0x0000000000000000       0x38 build/palloc.o
 .comment       0x0000000000000000       0x20 build/random.o
 .ARM.attributes
                0x0000000000000000       0x38 build/random.o
 .comment       0x0000000000000000       0x20 build/serial.o
 .ARM.attributes
                0x0000000000000000       0x38 build/serial.o
 .comment       0x0000000000000000       0x20 build/stdio.o
 .ARM.attributes
                0x0000000000000000       0x38 build/stdio.o
 .comment       0x0000000000000000       0x20 build/stdlib.o
 .ARM.attributes
                0x0000000000000000       0x38 build/stdlib.o
 .comment       0x0000000000000000       0x20 build/string.o
 .ARM.attributes
                0x0000000000000000       0x38 build/string.o
 .comment       0x0000000000000000       0x20 build/synch.o
 .ARM.attributes
                0x0000000000000000       0x38 build/synch.o
 .comment       0x0000000000000000       0x20 build/timer.o
 .ARM.attributes
                0x0000000000000000       0x38 build/timer.o
 .comment       0x0000000000000000       0x20 build/thread.o
 .ARM.attributes
                0x0000000000000000       0x38 build/thread.o
 .comment       0x0000000000000000       0x20 build/video.o
 .ARM.attributes
                0x0000000000000000       0x38 build/video.o
 .debug_frame   0x0000000000000000       0x20 libgcc/libgcc.a(_udivsi3.o)
 .ARM.attributes
                0x0000000000000000       0x18 libgcc/libgcc.a(_udivsi3.o)
 .debug_line    0x0000000000000000       0x8a libgcc/libgcc.a(_udivsi3.o)
 .debug_info    0x0000000000000000       0x99 libgcc/libgcc.a(_udivsi3.o)
 .debug_abbrev  0x0000000000000000       0x14 libgcc/libgcc.a(_udivsi3.o)
 .debug_aranges
                0x0000000000000000       0x20 libgcc/libgcc.a(_udivsi3.o)
 .debug_frame   0x0000000000000000       0x20 libgcc/libgcc.a(_divsi3.o)
 .ARM.attributes
                0x0000000000000000       0x18 libgcc/libgcc.a(_divsi3.o)
 .debug_line    0x0000000000000000       0x96 libgcc/libgcc.a(_divsi3.o)
 .debug_info    0x0000000000000000       0x99 libgcc/libgcc.a(_divsi3.o)
 .debug_abbrev  0x0000000000000000       0x14 libgcc/libgcc.a(_divsi3.o)
 .debug_aranges
                0x0000000000000000       0x20 libgcc/libgcc.a(_divsi3.o)
 .ARM.attributes
                0x0000000000000000       0x18 libgcc/libgcc.a(_dvmd_tls.o)
 .debug_line    0x0000000000000000       0x61 libgcc/libgcc.a(_dvmd_tls.o)
 .debug_info    0x0000000000000000       0x99 libgcc/libgcc.a(_dvmd_tls.o)
 .debug_abbrev  0x0000000000000000       0x14 libgcc/libgcc.a(_dvmd_tls.o)
 .debug_aranges
                0x0000000000000000       0x20 libgcc/libgcc.a(_dvmd_tls.o)
 .ARM.attributes
                0x0000000000000000       0x18 libgcc/libgcc.a(_aeabi_uldivmod.o)
 .debug_line    0x0000000000000000       0x66 libgcc/libgcc.a(_aeabi_uldivmod.o)
 .debug_info    0x0000000000000000       0x95 libgcc/libgcc.a(_aeabi_uldivmod.o)
 .debug_abbrev  0x0000000000000000       0x14 libgcc/libgcc.a(_aeabi_uldivmod.o)
 .debug_aranges
                0x0000000000000000       0x20 libgcc/libgcc.a(_aeabi_uldivmod.o)
 .debug_info    0x0000000000000000      0x174 libgcc/libgcc.a(bpabi.o)
 .debug_abbrev  0x0000000000000000       0xb7 libgcc/libgcc.a(bpabi.o)
 .debug_loc     0x0000000000000000       0xe0 libgcc/libgcc.a(bpabi.o)
 .debug_aranges
                0x0000000000000000       0x20 libgcc/libgcc.a(bpabi.o)
 .debug_line    0x0000000000000000       0x67 libgcc/libgcc.a(bpabi.o)
 .debug_str     0x0000000000000000       0xef libgcc/libgcc.a(bpabi.o)
 .comment       0x0000000000000000       0x12 libgcc/libgcc.a(bpabi.o)
 .ARM.attributes
                0x0000000000000000       0x30 libgcc/libgcc.a(bpabi.o)
 .debug_frame   0x0000000000000000       0x54 libgcc/libgcc.a(bpabi.o)
 .debug_info    0x0000000000000000      0x5ec libgcc/libgcc.a(_divdi3.o)
 .debug_abbrev  0x0000000000000000      0x165 libgcc/libgcc.a(_divdi3.o)
 .debug_loc     0x0000000000000000      0xb77 libgcc/libgcc.a(_divdi3.o)
 .debug_aranges
                0x0000000000000000       0x20 libgcc/libgcc.a(_divdi3.o)
 .debug_ranges  0x0000000000000000       0xc8 libgcc/libgcc.a(_divdi3.o)
 .debug_line    0x0000000000000000       0xdb libgcc/libgcc.a(_divdi3.o)
 .debug_str     0x0000000000000000      0x1a3 libgcc/libgcc.a(_divdi3.o)
 .comment       0x0000000000000000       0x12 libgcc/libgcc.a(_divdi3.o)
 .ARM.attributes
                0x0000000000000000       0x30 libgcc/libgcc.a(_divdi3.o)
 .debug_frame   0x0000000000000000       0x38 libgcc/libgcc.a(_divdi3.o)
 .debug_info    0x0000000000000000      0x5ab libgcc/libgcc.a(_udivdi3.o)
 .debug_abbrev  0x0000000000000000      0x154 libgcc/libgcc.a(_udivdi3.o)
 .debug_loc     0x0000000000000000      0xc8c libgcc/libgcc.a(_udivdi3.o)
 .debug_aranges
                0x0000000000000000       0x20 libgcc/libgcc.a(_udivdi3.o)
 .debug_ranges  0x0000000000000000       0xd8 libgcc/libgcc.a(_udivdi3.o)
 .debug_line    0x0000000000000000       0xce libgcc/libgcc.a(_udivdi3.o)
 .debug_str     0x0000000000000000      0x1a4 libgcc/libgcc.a(_udivdi3.o)
 .comment       0x0000000000000000       0x12 libgcc/libgcc.a(_udivdi3.o)
 .ARM.attributes
                0x0000000000000000       0x30 libgcc/libgcc.a(_udivdi3.o)
 .debug_frame   0x0000000000000000       0x38 libgcc/libgcc.a(_udivdi3.o)
 .debug_info    0x0000000000000000     0x1d4d libgcc/libgcc.a(unwind-arm.o)
 .debug_abbrev  0x0000000000000000      0x48f libgcc/libgcc.a(unwind-arm.o)
 .debug_loc     0x0000000000000000     0x18d0 libgcc/libgcc.a(unwind-arm.o)
 .debug_aranges
                0x0000000000000000       0x20 libgcc/libgcc.a(unwind-arm.o)
 .debug_ranges  0x0000000000000000      0x138 libgcc/libgcc.a(unwind-arm.o)
 .debug_line    0x0000000000000000      0x538 libgcc/libgcc.a(unwind-arm.o)
 .debug_str     0x0000000000000000      0xb7f libgcc/libgcc.a(unwind-arm.o)
 .comment       0x0000000000000000       0x12 libgcc/libgcc.a(unwind-arm.o)
 .ARM.attributes
                0x0000000000000000       0x30 libgcc/libgcc.a(unwind-arm.o)
 .debug_frame   0x0000000000000000      0x290 libgcc/libgcc.a(unwind-arm.o)
 .ARM.attributes
                0x0000000000000000       0x1c libgcc/libgcc.a(libunwind.o)
 .debug_line    0x0000000000000000       0xaf libgcc/libgcc.a(libunwind.o)
 .debug_info    0x0000000000000000       0x99 libgcc/libgcc.a(libunwind.o)
 .debug_abbrev  0x0000000000000000       0x14 libgcc/libgcc.a(libunwind.o)
 .debug_aranges
                0x0000000000000000       0x20 libgcc/libgcc.a(libunwind.o)
 .debug_info    0x0000000000000000      0xa5b libgcc/libgcc.a(pr-support.o)
 .debug_abbrev  0x0000000000000000      0x26c libgcc/libgcc.a(pr-support.o)
 .debug_loc     0x0000000000000000      0x652 libgcc/libgcc.a(pr-support.o)
 .debug_aranges
                0x0000000000000000       0x20 libgcc/libgcc.a(pr-support.o)
 .debug_ranges  0x0000000000000000       0x48 libgcc/libgcc.a(pr-support.o)
 .debug_line    0x0000000000000000      0x1c4 libgcc/libgcc.a(pr-support.o)
 .debug_str     0x0000000000000000      0x4de libgcc/libgcc.a(pr-support.o)
 .comment       0x0000000000000000       0x12 libgcc/libgcc.a(pr-support.o)
 .ARM.attributes
                0x0000000000000000       0x30 libgcc/libgcc.a(pr-support.o)
 .debug_frame   0x0000000000000000       0xe4 libgcc/libgcc.a(pr-support.o)
 .ARM.attributes
                0x0000000000000000       0x18 libgcc/libgcc.a(_clzsi2.o)
 .debug_line    0x0000000000000000       0x6e libgcc/libgcc.a(_clzsi2.o)
 .debug_info    0x0000000000000000       0x99 libgcc/libgcc.a(_clzsi2.o)
 .debug_abbrev  0x0000000000000000       0x14 libgcc/libgcc.a(_clzsi2.o)
 .debug_aranges
                0x0000000000000000       0x20 libgcc/libgcc.a(_clzsi2.o)

Memory Configuration

Name             Origin             Length             Attributes
*default*        0x0000000000000000 0xffffffffffffffff

Linker script and memory map

LOAD build/contextSwitch.o
LOAD build/drawing.o
LOAD build/frameBufferInfo.o
LOAD build/gpioFunction.o
LOAD build/interruptsHandlers.o
LOAD build/mailbox.o
LOAD build/memoryCopy.o
LOAD build/start.o
LOAD build/bitmap.o
LOAD build/console.o
LOAD build/debug.o
LOAD build/framebuffer.o
LOAD build/gpio.o
LOAD build/hash.o
LOAD build/init.o
LOAD build/list.o
LOAD build/interrupt.o
LOAD build/malloc.o
LOAD build/palloc.o
LOAD build/random.o
LOAD build/serial.o
LOAD build/stdio.o
LOAD build/stdlib.o
LOAD build/string.o
LOAD build/synch.o
LOAD build/timer.o
LOAD build/thread.o
LOAD build/video.o

.init           0x0000000000008000       0x8c
 *(.init)
 .init          0x0000000000008000       0x8c build/start.o
                0x0000000000008000                _start

.text           0x000000000000808c     0xdba0
 *(.text)
 .text          0x000000000000808c       0xd4 build/contextSwitch.o
                0x000000000000808c                save_context
                0x00000000000080e8                save_and_switch_context
 .text          0x0000000000008160      0x178 build/drawing.o
                0x0000000000008160                SetForeColour
                0x0000000000008178                GetForeColour
                0x0000000000008184                SetGraphicsAddress
                0x0000000000008190                GetGraphicsAddress
                0x000000000000819c                DrawPixel
                0x00000000000081e4                DrawLine
                0x0000000000008260                DrawCharacter
 .text          0x00000000000082d8       0x60 build/frameBufferInfo.o
                0x00000000000082d8                InitialiseFrameBuffer
 .text          0x0000000000008338       0x98 build/gpioFunction.o
                0x0000000000008338                GetGpioAddress
                0x0000000000008340                SetGpioFunction
                0x0000000000008390                SetGpio
 .text          0x00000000000083d0      0x130 build/interruptsHandlers.o
                0x00000000000083d0                print_executing_interrupt
                0x00000000000083e0                generate_swi_interrupt
                0x00000000000083e8                swi_handler_int
                0x000000000000844c                irq_handler_int
                0x00000000000084ac                get_cpsr_value
                0x00000000000084b4                enable_irq_interruptions
                0x00000000000084c4                disable_irq_interruptions
                0x00000000000084d4                enable_fiq_interruptions
                0x00000000000084e4                disable_fiq_interruptions
                0x00000000000084f4                get_current_sp
 .text          0x0000000000008500       0x6c build/mailbox.o
                0x0000000000008500                GetMailboxBase
                0x0000000000008508                MailboxRead
                0x000000000000853c                MailboxWrite
 .text          0x000000000000856c       0x70 build/memoryCopy.o
                0x000000000000856c                memory_fastest_copy
                0x00000000000085bc                memory_fast_copy
 .text          0x00000000000085dc        0x0 build/start.o
 .text          0x00000000000085dc      0x9e4 build/bitmap.o
                0x000000000000868c                bitmap_create
                0x0000000000008730                bitmap_create_in_buf
                0x00000000000087c0                bitmap_buf_size
                0x00000000000087ec                bitmap_destroy
                0x0000000000008828                bitmap_size
                0x0000000000008850                bitmap_set
                0x00000000000088f0                bitmap_test
                0x00000000000089a4                bitmap_set_all
                0x0000000000008a0c                bitmap_set_multiple
                0x0000000000008afc                bitmap_mark
                0x0000000000008b68                bitmap_reset
                0x0000000000008bd8                bitmap_contains
                0x0000000000008ce0                bitmap_any
                0x0000000000008d1c                bitmap_none
                0x0000000000008d78                bitmap_all
                0x0000000000008dd4                bitmap_scan
                0x0000000000008ef4                bitmap_scan_and_flip
                0x0000000000008f78                bitmap_dump
 .text          0x0000000000008fc0      0x3b8 build/console.o
                0x0000000000008fc0                console_init
                0x0000000000008fe8                console_panic
                0x000000000000900c                console_print_stats
                0x000000000000917c                vprintf
                0x00000000000091c8                puts
                0x0000000000009224                putbuf
                0x0000000000009278                putchar
 .text          0x0000000000009378      0x128 build/debug.o
                0x0000000000009378                debug_panic
                0x00000000000093fc                debug_print_bits_int
                0x0000000000009478                abort
 .text          0x00000000000094a0       0x58 build/framebuffer.o
                0x00000000000094a0                framebuffer_init
 .text          0x00000000000094f8       0x50 build/gpio.o
                0x00000000000094f8                gpio_enable_function
                0x0000000000009520                gpio_set_register
 .text          0x0000000000009548      0xc28 build/hash.o
                0x0000000000009548                hash_init
                0x00000000000095f8                hash_clear
                0x00000000000096cc                hash_destroy
                0x0000000000009710                hash_insert
                0x000000000000977c                hash_replace
                0x00000000000097f4                hash_find
                0x0000000000009838                hash_delete
                0x00000000000098a0                hash_apply
                0x000000000000998c                hash_first
                0x0000000000009a38                hash_next
                0x0000000000009b54                hash_cur
                0x0000000000009b7c                hash_size
                0x0000000000009ba4                hash_empty
                0x0000000000009bdc                hash_bytes
                0x0000000000009c80                hash_string
                0x0000000000009d1c                hash_int
 .text          0x000000000000a170      0x6a4 build/init.o
                0x000000000000a19c                init
 .text          0x000000000000a814     0x1284 build/list.o
                0x000000000000a934                list_init
                0x000000000000a9ac                list_begin
                0x000000000000a9fc                list_next
                0x000000000000aa68                list_end
                0x000000000000aab8                list_rbegin
                0x000000000000ab08                list_prev
                0x000000000000ab74                list_rend
                0x000000000000abc0                list_head
                0x000000000000ac0c                list_tail
                0x000000000000ac5c                list_insert
                0x000000000000ad18                list_splice
                0x000000000000ae50                list_push_front
                0x000000000000ae84                list_push_back
                0x000000000000aeb8                list_remove
                0x000000000000af38                list_pop_front
                0x000000000000af6c                list_pop_back
                0x000000000000afa0                list_front
                0x000000000000b000                list_back
                0x000000000000b064                list_size
                0x000000000000b0cc                list_empty
                0x000000000000b158                list_reverse
                0x000000000000b570                list_sort
                0x000000000000b700                list_insert_ordered
                0x000000000000b804                list_unique
                0x000000000000b948                list_max
                0x000000000000b9f0                list_min
 .text          0x000000000000ba98      0x9d0 build/interrupt.o
                0x000000000000ba98                interrupts_init
                0x000000000000bb40                interrupts_register_irq
                0x000000000000bbbc                interrupts_register_swi
                0x000000000000bbfc                interrupts_get_irq_name
                0x000000000000bc54                interrupts_get_swi_name
                0x000000000000bc78                interrupts_get_level
                0x000000000000bcb0                interrupts_set_level
                0x000000000000bcf0                interrupts_enable
                0x000000000000bd1c                interrupts_disable
                0x000000000000bd48                interrupts_print_status
                0x000000000000bde4                interrupts_context
                0x000000000000be08                interrupts_was_irq_generated
                0x000000000000be2c                interrupts_yield_on_return
                0x000000000000be50                interrupts_dispatch_irq
                0x000000000000c0a4                interrupts_dispatch_swi
                0x000000000000c158                interrupts_debug
 .text          0x000000000000c468      0x8b0 build/malloc.o
                0x000000000000c4c0                malloc_init
                0x000000000000c5c8                malloc
                0x000000000000c828                calloc
                0x000000000000c920                realloc
                0x000000000000c9c0                free
 .text          0x000000000000cd18      0x578 build/palloc.o
                0x000000000000cd6c                palloc_init
                0x000000000000ce40                palloc_get_multiple
                0x000000000000cf74                palloc_get_page
                0x000000000000cfa8                palloc_free_multiple
                0x000000000000d110                palloc_free_page
 .text          0x000000000000d290      0x2b8 build/random.o
                0x000000000000d2d8                random_init
                0x000000000000d3f4                random_bytes
                0x000000000000d51c                random_ulong
 .text          0x000000000000d548      0x32c build/serial.o
                0x000000000000d548                serial_init
                0x000000000000d558                serial_putc
                0x000000000000d580                serial_flush
                0x000000000000d594                serial_notify
                0x000000000000d63c                uart_init
                0x000000000000d6fc                uart_putc_helper
                0x000000000000d74c                uart_putc
                0x000000000000d794                uart_getc
                0x000000000000d7d8                uart_write
                0x000000000000d834                uart_puts
                0x000000000000d864                test_serial
 .text          0x000000000000d874     0x1764 build/stdio.o
                0x000000000000d8fc                vsnprintf
                0x000000000000d9f4                snprintf
                0x000000000000da44                printf
                0x000000000000da84                __vprintf
                0x000000000000ec28                __printf
                0x000000000000ec6c                hex_dump
                0x000000000000ef24                print_human_readable_size
 .text          0x000000000000efd8      0x764 build/stdlib.o
                0x000000000000f090                atoi
                0x000000000000f218                qsort
                0x000000000000f4a8                sort
                0x000000000000f5f4                bsearch
                0x000000000000f648                binary_search
 .text          0x000000000000f73c      0xcf0 build/string.o
                0x000000000000f73c                memcpy
                0x000000000000f810                memmove
                0x000000000000f958                memcmp
                0x000000000000fa64                strcmp
                0x000000000000fb64                memchr
                0x000000000000fc14                strchr
                0x000000000000fcac                strcspn
                0x000000000000fd2c                strpbrk
                0x000000000000fd98                strrchr
                0x000000000000fe0c                strspn
                0x000000000000fe8c                strstr
                0x000000000000ff40                strtok_r
                0x00000000000100b4                memset
                0x0000000000010150                strlen
                0x00000000000101d0                strnlen
                0x0000000000010238                strlcpy
                0x0000000000010310                strlcat
 .text          0x000000000001042c      0x950 build/synch.o
                0x000000000001042c                sema_init
                0x0000000000010490                sema_down
                0x0000000000010564                sema_try_down
                0x0000000000010600                sema_up
                0x00000000000106b8                sema_self_test
                0x00000000000107a8                lock_init
                0x000000000001080c                lock_acquire
                0x00000000000108cc                lock_try_acquire
                0x000000000001097c                lock_release
                0x0000000000010a04                lock_held_by_current_thread
                0x0000000000010a6c                cond_init
                0x0000000000010ac0                cond_wait
                0x0000000000010bd0                cond_signal
                0x0000000000010cdc                cond_broadcast
 .text          0x0000000000010d7c      0x1d8 build/timer.o
                0x0000000000010d7c                timer_init
                0x0000000000010dbc                timer_get_timestamp
                0x0000000000010de0                timer_msleep
 .text          0x0000000000010f54     0x120c build/thread.o
                0x0000000000010f80                thread_init
                0x0000000000011210                thread_start
                0x0000000000011260                thread_tick
                0x0000000000011308                thread_print_stats
                0x0000000000011354                thread_create
                0x0000000000011514                thread_block
                0x0000000000011598                thread_unblock
                0x0000000000011648                thread_name
                0x0000000000011664                thread_current
                0x00000000000116e8                thread_tid
                0x0000000000011704                thread_exit
                0x00000000000117d4                thread_yield
                0x0000000000011ba8                thread_schedule_tail
                0x0000000000011cec                thread_foreach
                0x0000000000011d94                thread_set_priority
                0x0000000000011dbc                thread_get_priority
                0x0000000000011dd8                thread_set_nice
                0x0000000000011df4                thread_get_nice
                0x0000000000011e10                thread_get_load_avg
                0x0000000000011e2c                thread_get_recent_cpu
 .text          0x0000000000012160      0x958 build/video.o
                0x0000000000012160                video_init
                0x00000000000121dc                video_clean
                0x0000000000012290                video_putc
 .text          0x0000000000012ab8      0x114 libgcc/libgcc.a(_udivsi3.o)
                0x0000000000012ab8                __udivsi3
                0x0000000000012ab8                __aeabi_uidiv
                0x0000000000012bac                __aeabi_uidivmod
 .text          0x0000000000012bcc      0x148 libgcc/libgcc.a(_divsi3.o)
                0x0000000000012bcc                __aeabi_idiv
                0x0000000000012bcc                __divsi3
                0x0000000000012cf4                __aeabi_idivmod
 .text          0x0000000000012d14        0x4 libgcc/libgcc.a(_dvmd_tls.o)
                0x0000000000012d14                __aeabi_ldiv0
                0x0000000000012d14                __aeabi_idiv0
 .text          0x0000000000012d18       0x3c libgcc/libgcc.a(_aeabi_uldivmod.o)
                0x0000000000012d18                __aeabi_uldivmod
 .text          0x0000000000012d54       0x84 libgcc/libgcc.a(bpabi.o)
                0x0000000000012d54                __gnu_ldivmod_helper
                0x0000000000012d98                __gnu_uldivmod_helper
 .text          0x0000000000012dd8      0x4f8 libgcc/libgcc.a(_divdi3.o)
                0x0000000000012dd8                __divdi3
 .text          0x00000000000132d0      0x498 libgcc/libgcc.a(_udivdi3.o)
                0x00000000000132d0                __udivdi3
 .text          0x0000000000013768      0xfb0 libgcc/libgcc.a(unwind-arm.o)
                0x0000000000013bf0                _Unwind_GetCFA
                0x0000000000013bf8                __gnu_Unwind_RaiseException
                0x0000000000013ca4                __gnu_Unwind_ForcedUnwind
                0x0000000000013cc8                __gnu_Unwind_Resume
                0x0000000000013d40                __gnu_Unwind_Resume_or_Rethrow
                0x0000000000013d60                _Unwind_Complete
                0x0000000000013d64                _Unwind_DeleteException
                0x0000000000013d88                _Unwind_VRS_Get
                0x0000000000013dfc                _Unwind_VRS_Set
                0x00000000000142a0                __aeabi_unwind_cpp_pr2
                0x00000000000142a8                __aeabi_unwind_cpp_pr1
                0x00000000000142b0                __aeabi_unwind_cpp_pr0
                0x00000000000142b8                __gnu_Unwind_Backtrace
                0x0000000000014384                _Unwind_VRS_Pop
 .text          0x0000000000014718      0x1b0 libgcc/libgcc.a(libunwind.o)
                0x0000000000014718                __restore_core_regs
                0x0000000000014718                restore_core_regs
                0x0000000000014734                __gnu_Unwind_Restore_VFP
                0x000000000001473c                __gnu_Unwind_Save_VFP
                0x0000000000014744                __gnu_Unwind_Restore_VFP_D
                0x000000000001474c                __gnu_Unwind_Save_VFP_D
                0x0000000000014754                __gnu_Unwind_Restore_VFP_D_16_to_31
                0x000000000001475c                __gnu_Unwind_Save_VFP_D_16_to_31
                0x0000000000014764                __gnu_Unwind_Restore_WMMXD
                0x00000000000147a8                __gnu_Unwind_Save_WMMXD
                0x00000000000147ec                __gnu_Unwind_Restore_WMMXC
                0x0000000000014800                __gnu_Unwind_Save_WMMXC
                0x0000000000014814                ___Unwind_RaiseException
                0x0000000000014814                _Unwind_RaiseException
                0x0000000000014838                ___Unwind_Resume
                0x0000000000014838                _Unwind_Resume
                0x000000000001485c                _Unwind_Resume_or_Rethrow
                0x000000000001485c                ___Unwind_Resume_or_Rethrow
                0x0000000000014880                ___Unwind_ForcedUnwind
                0x0000000000014880                _Unwind_ForcedUnwind
                0x00000000000148a4                _Unwind_Backtrace
                0x00000000000148a4                ___Unwind_Backtrace
 .text          0x00000000000148c8      0x53c libgcc/libgcc.a(pr-support.o)
                0x000000000001495c                __gnu_unwind_execute
                0x0000000000014d78                __gnu_unwind_frame
                0x0000000000014dc0                _Unwind_GetRegionStart
                0x0000000000014dd4                _Unwind_GetLanguageSpecificData
                0x0000000000014df4                _Unwind_GetDataRelBase
                0x0000000000014dfc                _Unwind_GetTextRelBase
 .text          0x0000000000014e04       0x48 libgcc/libgcc.a(_clzsi2.o)
                0x0000000000014e04                __clzsi2
 *(.rodata)
 .rodata        0x0000000000014e4c       0x98 build/bitmap.o
 .rodata        0x0000000000014ee4       0x64 build/console.o
 .rodata        0x0000000000014f48       0x70 build/debug.o
 .rodata        0x0000000000014fb8       0x6c build/hash.o
 .rodata        0x0000000000015024      0x1c0 build/init.o
 .rodata        0x00000000000151e4      0x11c build/list.o
 .rodata        0x0000000000015300      0x1ac build/interrupt.o
 .rodata        0x00000000000154ac       0x78 build/malloc.o
 .rodata        0x0000000000015524       0xf8 build/palloc.o
 .rodata        0x000000000001561c      0x134 build/stdio.o
 .rodata        0x0000000000015750       0x34 build/stdlib.o
 .rodata        0x0000000000015784       0x80 build/string.o
 .rodata        0x0000000000015804       0xf0 build/synch.o
 .rodata        0x00000000000158f4       0x54 build/timer.o
 .rodata        0x0000000000015948      0x2e4 build/thread.o

.data           0x0000000000016000     0x2060
 *(.data)
 .data          0x0000000000016000        0x0 build/contextSwitch.o
 .data          0x0000000000016000      0x810 build/drawing.o
 *fill*         0x0000000000016810      0x7f0 
 .data          0x0000000000017000     0x1000 build/frameBufferInfo.o
                0x0000000000017000                FrameBufferInfo
 .data          0x0000000000018000        0x0 build/gpioFunction.o
 .data          0x0000000000018000       0x40 build/interruptsHandlers.o
                0x0000000000018000                exec_int_msg
 .data          0x0000000000018040        0x0 build/mailbox.o
 .data          0x0000000000018040        0x0 build/memoryCopy.o
 .data          0x0000000000018040        0x0 build/start.o
 .data          0x0000000000018040        0x0 build/bitmap.o
 .data          0x0000000000018040        0x0 build/console.o
 .data          0x0000000000018040        0x0 build/debug.o
 .data          0x0000000000018040        0x0 build/framebuffer.o
 .data          0x0000000000018040        0x0 build/gpio.o
 .data          0x0000000000018040        0x0 build/hash.o
 .data          0x0000000000018040        0x4 build/init.o
 .data          0x0000000000018044        0x0 build/list.o
 .data          0x0000000000018044        0x0 build/interrupt.o
 .data          0x0000000000018044        0x0 build/malloc.o
 .data          0x0000000000018044        0x0 build/palloc.o
 .data          0x0000000000018044        0x0 build/random.o
 .data          0x0000000000018044        0x0 build/serial.o
 .data          0x0000000000018044       0x18 build/stdio.o
 .data          0x000000000001805c        0x0 build/stdlib.o
 .data          0x000000000001805c        0x0 build/string.o
 .data          0x000000000001805c        0x0 build/synch.o
 .data          0x000000000001805c        0x0 build/timer.o
 .data          0x000000000001805c        0x4 build/thread.o
 .data          0x0000000000018060        0x0 build/video.o
 .data          0x0000000000018060        0x0 libgcc/libgcc.a(_udivsi3.o)
 .data          0x0000000000018060        0x0 libgcc/libgcc.a(_divsi3.o)
 .data          0x0000000000018060        0x0 libgcc/libgcc.a(_dvmd_tls.o)
 .data          0x0000000000018060        0x0 libgcc/libgcc.a(_aeabi_uldivmod.o)
 .data          0x0000000000018060        0x0 libgcc/libgcc.a(bpabi.o)
 .data          0x0000000000018060        0x0 libgcc/libgcc.a(_divdi3.o)
 .data          0x0000000000018060        0x0 libgcc/libgcc.a(_udivdi3.o)
 .data          0x0000000000018060        0x0 libgcc/libgcc.a(unwind-arm.o)
 .data          0x0000000000018060        0x0 libgcc/libgcc.a(libunwind.o)
 .data          0x0000000000018060        0x0 libgcc/libgcc.a(pr-support.o)
 .data          0x0000000000018060        0x0 libgcc/libgcc.a(_clzsi2.o)

.bss            0x0000000000018060      0x5f8
 *(.bss)
 .bss           0x0000000000018060        0x0 build/contextSwitch.o
 .bss           0x0000000000018060        0x0 build/drawing.o
 .bss           0x0000000000018060        0x0 build/frameBufferInfo.o
 .bss           0x0000000000018060        0x0 build/gpioFunction.o
 .bss           0x0000000000018060        0x0 build/interruptsHandlers.o
 .bss           0x0000000000018060        0x0 build/mailbox.o
 .bss           0x0000000000018060        0x0 build/memoryCopy.o
 .bss           0x0000000000018060        0x0 build/start.o
 .bss           0x0000000000018060        0x0 build/bitmap.o
 .bss           0x0000000000018060       0x28 build/console.o
 .bss           0x0000000000018088        0x0 build/debug.o
 .bss           0x0000000000018088        0x0 build/framebuffer.o
 .bss           0x0000000000018088        0x0 build/gpio.o
 .bss           0x0000000000018088        0x0 build/hash.o
 .bss           0x0000000000018088       0x18 build/init.o
 .bss           0x00000000000180a0        0x0 build/list.o
 .bss           0x00000000000180a0      0x20c build/interrupt.o
 .bss           0x00000000000182ac      0x1e4 build/malloc.o
 .bss           0x0000000000018490       0x40 build/palloc.o
 .bss           0x00000000000184d0      0x104 build/random.o
 .bss           0x00000000000185d4        0x0 build/serial.o
 .bss           0x00000000000185d4        0x0 build/stdio.o
 .bss           0x00000000000185d4        0x0 build/stdlib.o
 .bss           0x00000000000185d4        0x0 build/string.o
 .bss           0x00000000000185d4        0x0 build/synch.o
 .bss           0x00000000000185d4        0x0 build/timer.o
 *fill*         0x00000000000185d4        0x4 
 .bss           0x00000000000185d8       0x60 build/thread.o
 .bss           0x0000000000018638       0x20 build/video.o
 .bss           0x0000000000018658        0x0 libgcc/libgcc.a(_udivsi3.o)
 .bss           0x0000000000018658        0x0 libgcc/libgcc.a(_divsi3.o)
 .bss           0x0000000000018658        0x0 libgcc/libgcc.a(_dvmd_tls.o)
 .bss           0x0000000000018658        0x0 libgcc/libgcc.a(_aeabi_uldivmod.o)
 .bss           0x0000000000018658        0x0 libgcc/libgcc.a(bpabi.o)
 .bss           0x0000000000018658        0x0 libgcc/libgcc.a(_divdi3.o)
 .bss           0x0000000000018658        0x0 libgcc/libgcc.a(_udivdi3.o)
 .bss           0x0000000000018658        0x0 libgcc/libgcc.a(unwind-arm.o)
 .bss           0x0000000000018658        0x0 libgcc/libgcc.a(libunwind.o)
 .bss           0x0000000000018658        0x0 libgcc/libgcc.a(pr-support.o)
 .bss           0x0000000000018658        0x0 libgcc/libgcc.a(_clzsi2.o)

.ARM.extab      0x0000000000018658       0x30
 *(.ARM.extab* .gnu.linkonce.armextab.*)
 .ARM.extab     0x0000000000018658        0x0 libgcc/libgcc.a(_divdi3.o)
 .ARM.extab     0x0000000000018658        0x0 libgcc/libgcc.a(_udivdi3.o)
 .ARM.extab     0x0000000000018658       0x18 libgcc/libgcc.a(unwind-arm.o)
 .ARM.extab     0x0000000000018670       0x18 libgcc/libgcc.a(pr-support.o)
                0x0000000000018688                __exidx_start = .

.ARM.exidx      0x0000000000018688       0xd0
 *(.ARM.exidx* .gnu.linkonce.armexidx.*)
 .ARM.exidx     0x0000000000018688        0x8 libgcc/libgcc.a(_divdi3.o)
 .ARM.exidx     0x0000000000018690        0x0 libgcc/libgcc.a(_udivdi3.o)
                                          0x8 (size before relaxing)
 .ARM.exidx     0x0000000000018690       0x90 libgcc/libgcc.a(unwind-arm.o)
                                         0xd8 (size before relaxing)
 .ARM.exidx     0x0000000000018720       0x38 libgcc/libgcc.a(pr-support.o)
                                         0x48 (size before relaxing)
                0x0000000000018758                __exidx_end = .

/DISCARD/
 *(*)
LOAD libgcc/libgcc.a
OUTPUT(build/output.elf elf32-littlearm)
