Archive member included because of file (symbol)

libgcc/libgcc.a(_udivsi3.o)   build/malloc.o (__aeabi_uidiv)
libgcc/libgcc.a(_divsi3.o)    build/stdio.o (__aeabi_idivmod)
libgcc/libgcc.a(_dvmd_tls.o)  libgcc/libgcc.a(_udivsi3.o) (__aeabi_idiv0)
libgcc/libgcc.a(_aeabi_uldivmod.o)
                              build/stdio.o (__aeabi_uldivmod)
libgcc/libgcc.a(bpabi.o)      libgcc/libgcc.a(_aeabi_uldivmod.o) (__gnu_uldivmod_helper)
libgcc/libgcc.a(_divdi3.o)    libgcc/libgcc.a(bpabi.o) (__divdi3)
libgcc/libgcc.a(_udivdi3.o)   libgcc/libgcc.a(bpabi.o) (__udivdi3)
libgcc/libgcc.a(unwind-arm.o)
                              libgcc/libgcc.a(_divdi3.o) (__aeabi_unwind_cpp_pr0)
libgcc/libgcc.a(libunwind.o)  libgcc/libgcc.a(unwind-arm.o) (restore_core_regs)
libgcc/libgcc.a(pr-support.o)
                              libgcc/libgcc.a(unwind-arm.o) (__gnu_unwind_execute)
libgcc/libgcc.a(_clzsi2.o)    libgcc/libgcc.a(_divdi3.o) (__clzsi2)

Discarded input sections

 .ARM.attributes
                0x0000000000000000       0x16 build/contextSwitch.o
 .ARM.attributes
                0x0000000000000000       0x14 build/drawing.o
 .ARM.attributes
                0x0000000000000000       0x14 build/frameBufferInfo.o
 .ARM.attributes
                0x0000000000000000       0x14 build/gpioFunction.o
 .ARM.attributes
                0x0000000000000000       0x14 build/interruptsHandlers.o
 .ARM.attributes
                0x0000000000000000       0x14 build/mailbox.o
 .ARM.attributes
                0x0000000000000000       0x14 build/memoryCopy.o
 .ARM.attributes
                0x0000000000000000       0x14 build/start.o
 .comment       0x0000000000000000       0x20 build/bitmap.o
 .ARM.attributes
                0x0000000000000000       0x38 build/bitmap.o
 .comment       0x0000000000000000       0x20 build/console.o
 .ARM.attributes
                0x0000000000000000       0x38 build/console.o
 .comment       0x0000000000000000       0x20 build/debug.o
 .ARM.attributes
                0x0000000000000000       0x38 build/debug.o
 .comment       0x0000000000000000       0x20 build/framebuffer.o
 .ARM.attributes
                0x0000000000000000       0x38 build/framebuffer.o
 .comment       0x0000000000000000       0x20 build/gpio.o
 .ARM.attributes
                0x0000000000000000       0x38 build/gpio.o
 .comment       0x0000000000000000       0x20 build/hash.o
 .ARM.attributes
                0x0000000000000000       0x38 build/hash.o
 .comment       0x0000000000000000       0x20 build/init.o
 .ARM.attributes
                0x0000000000000000       0x38 build/init.o
 .comment       0x0000000000000000       0x20 build/list.o
 .ARM.attributes
                0x0000000000000000       0x38 build/list.o
 .comment       0x0000000000000000       0x20 build/interrupt.o
 .ARM.attributes
                0x0000000000000000       0x38 build/interrupt.o
 .comment       0x0000000000000000       0x20 build/malloc.o
 .ARM.attributes
                0x0000000000000000       0x38 build/malloc.o
 .comment       0x0000000000000000       0x20 build/palloc.o
 .ARM.attributes
                0x0000000000000000       0x38 build/palloc.o
 .comment       0x0000000000000000       0x20 build/random.o
 .ARM.attributes
                0x0000000000000000       0x38 build/random.o
 .comment       0x0000000000000000       0x20 build/serial.o
 .ARM.attributes
                0x0000000000000000       0x38 build/serial.o
 .comment       0x0000000000000000       0x20 build/stdio.o
 .ARM.attributes
                0x0000000000000000       0x38 build/stdio.o
 .comment       0x0000000000000000       0x20 build/stdlib.o
 .ARM.attributes
                0x0000000000000000       0x38 build/stdlib.o
 .comment       0x0000000000000000       0x20 build/string.o
 .ARM.attributes
                0x0000000000000000       0x38 build/string.o
 .comment       0x0000000000000000       0x20 build/synch.o
 .ARM.attributes
                0x0000000000000000       0x38 build/synch.o
 .comment       0x0000000000000000       0x20 build/timer.o
 .ARM.attributes
                0x0000000000000000       0x38 build/timer.o
 .comment       0x0000000000000000       0x20 build/thread.o
 .ARM.attributes
                0x0000000000000000       0x38 build/thread.o
 .comment       0x0000000000000000       0x20 build/video.o
 .ARM.attributes
                0x0000000000000000       0x38 build/video.o
 .debug_frame   0x0000000000000000       0x20 libgcc/libgcc.a(_udivsi3.o)
 .ARM.attributes
                0x0000000000000000       0x18 libgcc/libgcc.a(_udivsi3.o)
 .debug_line    0x0000000000000000       0x8a libgcc/libgcc.a(_udivsi3.o)
 .debug_info    0x0000000000000000       0x99 libgcc/libgcc.a(_udivsi3.o)
 .debug_abbrev  0x0000000000000000       0x14 libgcc/libgcc.a(_udivsi3.o)
 .debug_aranges
                0x0000000000000000       0x20 libgcc/libgcc.a(_udivsi3.o)
 .debug_frame   0x0000000000000000       0x20 libgcc/libgcc.a(_divsi3.o)
 .ARM.attributes
                0x0000000000000000       0x18 libgcc/libgcc.a(_divsi3.o)
 .debug_line    0x0000000000000000       0x96 libgcc/libgcc.a(_divsi3.o)
 .debug_info    0x0000000000000000       0x99 libgcc/libgcc.a(_divsi3.o)
 .debug_abbrev  0x0000000000000000       0x14 libgcc/libgcc.a(_divsi3.o)
 .debug_aranges
                0x0000000000000000       0x20 libgcc/libgcc.a(_divsi3.o)
 .ARM.attributes
                0x0000000000000000       0x18 libgcc/libgcc.a(_dvmd_tls.o)
 .debug_line    0x0000000000000000       0x61 libgcc/libgcc.a(_dvmd_tls.o)
 .debug_info    0x0000000000000000       0x99 libgcc/libgcc.a(_dvmd_tls.o)
 .debug_abbrev  0x0000000000000000       0x14 libgcc/libgcc.a(_dvmd_tls.o)
 .debug_aranges
                0x0000000000000000       0x20 libgcc/libgcc.a(_dvmd_tls.o)
 .ARM.attributes
                0x0000000000000000       0x18 libgcc/libgcc.a(_aeabi_uldivmod.o)
 .debug_line    0x0000000000000000       0x66 libgcc/libgcc.a(_aeabi_uldivmod.o)
 .debug_info    0x0000000000000000       0x95 libgcc/libgcc.a(_aeabi_uldivmod.o)
 .debug_abbrev  0x0000000000000000       0x14 libgcc/libgcc.a(_aeabi_uldivmod.o)
 .debug_aranges
                0x0000000000000000       0x20 libgcc/libgcc.a(_aeabi_uldivmod.o)
 .debug_info    0x0000000000000000      0x174 libgcc/libgcc.a(bpabi.o)
 .debug_abbrev  0x0000000000000000       0xb7 libgcc/libgcc.a(bpabi.o)
 .debug_loc     0x0000000000000000       0xe0 libgcc/libgcc.a(bpabi.o)
 .debug_aranges
                0x0000000000000000       0x20 libgcc/libgcc.a(bpabi.o)
 .debug_line    0x0000000000000000       0x67 libgcc/libgcc.a(bpabi.o)
 .debug_str     0x0000000000000000       0xef libgcc/libgcc.a(bpabi.o)
 .comment       0x0000000000000000       0x12 libgcc/libgcc.a(bpabi.o)
 .ARM.attributes
                0x0000000000000000       0x30 libgcc/libgcc.a(bpabi.o)
 .debug_frame   0x0000000000000000       0x54 libgcc/libgcc.a(bpabi.o)
 .debug_info    0x0000000000000000      0x5ec libgcc/libgcc.a(_divdi3.o)
 .debug_abbrev  0x0000000000000000      0x165 libgcc/libgcc.a(_divdi3.o)
 .debug_loc     0x0000000000000000      0xb77 libgcc/libgcc.a(_divdi3.o)
 .debug_aranges
                0x0000000000000000       0x20 libgcc/libgcc.a(_divdi3.o)
 .debug_ranges  0x0000000000000000       0xc8 libgcc/libgcc.a(_divdi3.o)
 .debug_line    0x0000000000000000       0xdb libgcc/libgcc.a(_divdi3.o)
 .debug_str     0x0000000000000000      0x1a3 libgcc/libgcc.a(_divdi3.o)
 .comment       0x0000000000000000       0x12 libgcc/libgcc.a(_divdi3.o)
 .ARM.attributes
                0x0000000000000000       0x30 libgcc/libgcc.a(_divdi3.o)
 .debug_frame   0x0000000000000000       0x38 libgcc/libgcc.a(_divdi3.o)
 .debug_info    0x0000000000000000      0x5ab libgcc/libgcc.a(_udivdi3.o)
 .debug_abbrev  0x0000000000000000      0x154 libgcc/libgcc.a(_udivdi3.o)
 .debug_loc     0x0000000000000000      0xc8c libgcc/libgcc.a(_udivdi3.o)
 .debug_aranges
                0x0000000000000000       0x20 libgcc/libgcc.a(_udivdi3.o)
 .debug_ranges  0x0000000000000000       0xd8 libgcc/libgcc.a(_udivdi3.o)
 .debug_line    0x0000000000000000       0xce libgcc/libgcc.a(_udivdi3.o)
 .debug_str     0x0000000000000000      0x1a4 libgcc/libgcc.a(_udivdi3.o)
 .comment       0x0000000000000000       0x12 libgcc/libgcc.a(_udivdi3.o)
 .ARM.attributes
                0x0000000000000000       0x30 libgcc/libgcc.a(_udivdi3.o)
 .debug_frame   0x0000000000000000       0x38 libgcc/libgcc.a(_udivdi3.o)
 .debug_info    0x0000000000000000     0x1d4d libgcc/libgcc.a(unwind-arm.o)
 .debug_abbrev  0x0000000000000000      0x48f libgcc/libgcc.a(unwind-arm.o)
 .debug_loc     0x0000000000000000     0x18d0 libgcc/libgcc.a(unwind-arm.o)
 .debug_aranges
                0x0000000000000000       0x20 libgcc/libgcc.a(unwind-arm.o)
 .debug_ranges  0x0000000000000000      0x138 libgcc/libgcc.a(unwind-arm.o)
 .debug_line    0x0000000000000000      0x538 libgcc/libgcc.a(unwind-arm.o)
 .debug_str     0x0000000000000000      0xb7f libgcc/libgcc.a(unwind-arm.o)
 .comment       0x0000000000000000       0x12 libgcc/libgcc.a(unwind-arm.o)
 .ARM.attributes
                0x0000000000000000       0x30 libgcc/libgcc.a(unwind-arm.o)
 .debug_frame   0x0000000000000000      0x290 libgcc/libgcc.a(unwind-arm.o)
 .ARM.attributes
                0x0000000000000000       0x1c libgcc/libgcc.a(libunwind.o)
 .debug_line    0x0000000000000000       0xaf libgcc/libgcc.a(libunwind.o)
 .debug_info    0x0000000000000000       0x99 libgcc/libgcc.a(libunwind.o)
 .debug_abbrev  0x0000000000000000       0x14 libgcc/libgcc.a(libunwind.o)
 .debug_aranges
                0x0000000000000000       0x20 libgcc/libgcc.a(libunwind.o)
 .debug_info    0x0000000000000000      0xa5b libgcc/libgcc.a(pr-support.o)
 .debug_abbrev  0x0000000000000000      0x26c libgcc/libgcc.a(pr-support.o)
 .debug_loc     0x0000000000000000      0x652 libgcc/libgcc.a(pr-support.o)
 .debug_aranges
                0x0000000000000000       0x20 libgcc/libgcc.a(pr-support.o)
 .debug_ranges  0x0000000000000000       0x48 libgcc/libgcc.a(pr-support.o)
 .debug_line    0x0000000000000000      0x1c4 libgcc/libgcc.a(pr-support.o)
 .debug_str     0x0000000000000000      0x4de libgcc/libgcc.a(pr-support.o)
 .comment       0x0000000000000000       0x12 libgcc/libgcc.a(pr-support.o)
 .ARM.attributes
                0x0000000000000000       0x30 libgcc/libgcc.a(pr-support.o)
 .debug_frame   0x0000000000000000       0xe4 libgcc/libgcc.a(pr-support.o)
 .ARM.attributes
                0x0000000000000000       0x18 libgcc/libgcc.a(_clzsi2.o)
 .debug_line    0x0000000000000000       0x6e libgcc/libgcc.a(_clzsi2.o)
 .debug_info    0x0000000000000000       0x99 libgcc/libgcc.a(_clzsi2.o)
 .debug_abbrev  0x0000000000000000       0x14 libgcc/libgcc.a(_clzsi2.o)
 .debug_aranges
                0x0000000000000000       0x20 libgcc/libgcc.a(_clzsi2.o)

Memory Configuration

Name             Origin             Length             Attributes
*default*        0x0000000000000000 0xffffffffffffffff

Linker script and memory map

LOAD build/contextSwitch.o
LOAD build/drawing.o
LOAD build/frameBufferInfo.o
LOAD build/gpioFunction.o
LOAD build/interruptsHandlers.o
LOAD build/mailbox.o
LOAD build/memoryCopy.o
LOAD build/start.o
LOAD build/bitmap.o
LOAD build/console.o
LOAD build/debug.o
LOAD build/framebuffer.o
LOAD build/gpio.o
LOAD build/hash.o
LOAD build/init.o
LOAD build/list.o
LOAD build/interrupt.o
LOAD build/malloc.o
LOAD build/palloc.o
LOAD build/random.o
LOAD build/serial.o
LOAD build/stdio.o
LOAD build/stdlib.o
LOAD build/string.o
LOAD build/synch.o
LOAD build/timer.o
LOAD build/thread.o
LOAD build/video.o

.init           0x0000000000008000       0x8c
 *(.init)
 .init          0x0000000000008000       0x8c build/start.o
                0x0000000000008000                _start

.text           0x000000000000808c     0xe120
 *(.text)
 .text          0x000000000000808c       0xe8 build/contextSwitch.o
                0x000000000000808c                save_context
                0x00000000000080e8                save_and_switch_context
                0x0000000000008160                PUT32
                0x0000000000008168                GET32
                0x0000000000008170                dummy
 .text          0x0000000000008174      0x178 build/drawing.o
                0x0000000000008174                SetForeColour
                0x000000000000818c                GetForeColour
                0x0000000000008198                SetGraphicsAddress
                0x00000000000081a4                GetGraphicsAddress
                0x00000000000081b0                DrawPixel
                0x00000000000081f8                DrawLine
                0x0000000000008274                DrawCharacter
 .text          0x00000000000082ec       0x60 build/frameBufferInfo.o
                0x00000000000082ec                InitialiseFrameBuffer
 .text          0x000000000000834c       0x98 build/gpioFunction.o
                0x000000000000834c                GetGpioAddress
                0x0000000000008354                SetGpioFunction
                0x00000000000083a4                SetGpio
 .text          0x00000000000083e4      0x130 build/interruptsHandlers.o
                0x00000000000083e4                print_executing_interrupt
                0x00000000000083f4                generate_swi_interrupt
                0x00000000000083fc                swi_handler_int
                0x0000000000008460                irq_handler_int
                0x00000000000084c0                get_cpsr_value
                0x00000000000084c8                enable_irq_interruptions
                0x00000000000084d8                disable_irq_interruptions
                0x00000000000084e8                enable_fiq_interruptions
                0x00000000000084f8                disable_fiq_interruptions
                0x0000000000008508                get_current_sp
 .text          0x0000000000008514       0x6c build/mailbox.o
                0x0000000000008514                GetMailboxBase
                0x000000000000851c                MailboxRead
                0x0000000000008550                MailboxWrite
 .text          0x0000000000008580       0x70 build/memoryCopy.o
                0x0000000000008580                memory_fastest_copy
                0x00000000000085d0                memory_fast_copy
 .text          0x00000000000085f0        0x0 build/start.o
 .text          0x00000000000085f0      0x9e4 build/bitmap.o
                0x00000000000086a0                bitmap_create
                0x0000000000008744                bitmap_create_in_buf
                0x00000000000087d4                bitmap_buf_size
                0x0000000000008800                bitmap_destroy
                0x000000000000883c                bitmap_size
                0x0000000000008864                bitmap_set
                0x0000000000008904                bitmap_test
                0x00000000000089b8                bitmap_set_all
                0x0000000000008a20                bitmap_set_multiple
                0x0000000000008b10                bitmap_mark
                0x0000000000008b7c                bitmap_reset
                0x0000000000008bec                bitmap_contains
                0x0000000000008cf4                bitmap_any
                0x0000000000008d30                bitmap_none
                0x0000000000008d8c                bitmap_all
                0x0000000000008de8                bitmap_scan
                0x0000000000008f08                bitmap_scan_and_flip
                0x0000000000008f8c                bitmap_dump
 .text          0x0000000000008fd4      0x3b8 build/console.o
                0x0000000000008fd4                console_init
                0x0000000000008ffc                console_panic
                0x0000000000009020                console_print_stats
                0x0000000000009190                vprintf
                0x00000000000091dc                puts
                0x0000000000009238                putbuf
                0x000000000000928c                putchar
 .text          0x000000000000938c      0x128 build/debug.o
                0x000000000000938c                debug_panic
                0x0000000000009410                debug_print_bits_int
                0x000000000000948c                abort
 .text          0x00000000000094b4       0x58 build/framebuffer.o
                0x00000000000094b4                framebuffer_init
 .text          0x000000000000950c       0x50 build/gpio.o
                0x000000000000950c                gpio_enable_function
                0x0000000000009534                gpio_set_register
 .text          0x000000000000955c      0xc28 build/hash.o
                0x000000000000955c                hash_init
                0x000000000000960c                hash_clear
                0x00000000000096e0                hash_destroy
                0x0000000000009724                hash_insert
                0x0000000000009790                hash_replace
                0x0000000000009808                hash_find
                0x000000000000984c                hash_delete
                0x00000000000098b4                hash_apply
                0x00000000000099a0                hash_first
                0x0000000000009a4c                hash_next
                0x0000000000009b68                hash_cur
                0x0000000000009b90                hash_size
                0x0000000000009bb8                hash_empty
                0x0000000000009bf0                hash_bytes
                0x0000000000009c94                hash_string
                0x0000000000009d30                hash_int
 .text          0x000000000000a184      0x6f8 build/init.o
                0x000000000000a32c                parseLine
                0x000000000000a3e4                execLine
                0x000000000000a48c                ts
                0x000000000000a4f4                pRun
                0x000000000000a528                bg
                0x000000000000a55c                help
                0x000000000000a580                exec
                0x000000000000a604                init
 .text          0x000000000000a87c     0x1284 build/list.o
                0x000000000000a99c                list_init
                0x000000000000aa14                list_begin
                0x000000000000aa64                list_next
                0x000000000000aad0                list_end
                0x000000000000ab20                list_rbegin
                0x000000000000ab70                list_prev
                0x000000000000abdc                list_rend
                0x000000000000ac28                list_head
                0x000000000000ac74                list_tail
                0x000000000000acc4                list_insert
                0x000000000000ad80                list_splice
                0x000000000000aeb8                list_push_front
                0x000000000000aeec                list_push_back
                0x000000000000af20                list_remove
                0x000000000000afa0                list_pop_front
                0x000000000000afd4                list_pop_back
                0x000000000000b008                list_front
                0x000000000000b068                list_back
                0x000000000000b0cc                list_size
                0x000000000000b134                list_empty
                0x000000000000b1c0                list_reverse
                0x000000000000b5d8                list_sort
                0x000000000000b768                list_insert_ordered
                0x000000000000b86c                list_unique
                0x000000000000b9b0                list_max
                0x000000000000ba58                list_min
 .text          0x000000000000bb00      0x9a8 build/interrupt.o
                0x000000000000bb00                interrupts_init
                0x000000000000bb9c                interrupts_register_irq
                0x000000000000bc18                interrupts_register_swi
                0x000000000000bc58                interrupts_get_irq_name
                0x000000000000bcb0                interrupts_get_swi_name
                0x000000000000bcd4                interrupts_get_level
                0x000000000000bd0c                interrupts_set_level
                0x000000000000bd4c                interrupts_enable
                0x000000000000bd78                interrupts_disable
                0x000000000000bda4                interrupts_print_status
                0x000000000000be40                interrupts_context
                0x000000000000be64                interrupts_was_irq_generated
                0x000000000000be88                interrupts_yield_on_return
                0x000000000000beac                interrupts_dispatch_irq
                0x000000000000c0fc                interrupts_dispatch_swi
                0x000000000000c1a0                interrupts_debug
 .text          0x000000000000c4a8      0x8b0 build/malloc.o
                0x000000000000c500                malloc_init
                0x000000000000c608                malloc
                0x000000000000c868                calloc
                0x000000000000c960                realloc
                0x000000000000ca00                free
 .text          0x000000000000cd58      0x578 build/palloc.o
                0x000000000000cdac                palloc_init
                0x000000000000ce80                palloc_get_multiple
                0x000000000000cfb4                palloc_get_page
                0x000000000000cfe8                palloc_free_multiple
                0x000000000000d150                palloc_free_page
 .text          0x000000000000d2d0      0x2b8 build/random.o
                0x000000000000d318                random_init
                0x000000000000d434                random_bytes
                0x000000000000d55c                random_ulong
 .text          0x000000000000d588      0x488 build/serial.o
                0x000000000000d588                serial_init
                0x000000000000d598                serial_putc
                0x000000000000d5c0                serial_flush
                0x000000000000d5d4                serial_notify
                0x000000000000d774                uart_init
                0x000000000000d84c                uart_putc_helper
                0x000000000000d89c                uart_putc
                0x000000000000d8e4                uart_getc
                0x000000000000d928                uart_write
                0x000000000000d984                uart_puts
                0x000000000000d9b4                test_serial
                0x000000000000d9c4                setBufferPointer
                0x000000000000d9f0                getBuffer
 .text          0x000000000000da10     0x1764 build/stdio.o
                0x000000000000da98                vsnprintf
                0x000000000000db90                snprintf
                0x000000000000dbe0                printf
                0x000000000000dc20                __vprintf
                0x000000000000edc4                __printf
                0x000000000000ee08                hex_dump
                0x000000000000f0c0                print_human_readable_size
 .text          0x000000000000f174      0x764 build/stdlib.o
                0x000000000000f22c                atoi
                0x000000000000f3b4                qsort
                0x000000000000f644                sort
                0x000000000000f790                bsearch
                0x000000000000f7e4                binary_search
 .text          0x000000000000f8d8      0xcf0 build/string.o
                0x000000000000f8d8                memcpy
                0x000000000000f9ac                memmove
                0x000000000000faf4                memcmp
                0x000000000000fc00                strcmp
                0x000000000000fd00                memchr
                0x000000000000fdb0                strchr
                0x000000000000fe48                strcspn
                0x000000000000fec8                strpbrk
                0x000000000000ff34                strrchr
                0x000000000000ffa8                strspn
                0x0000000000010028                strstr
                0x00000000000100dc                strtok_r
                0x0000000000010250                memset
                0x00000000000102ec                strlen
                0x000000000001036c                strnlen
                0x00000000000103d4                strlcpy
                0x00000000000104ac                strlcat
 .text          0x00000000000105c8      0x948 build/synch.o
                0x00000000000105c8                sema_init
                0x000000000001062c                sema_down
                0x0000000000010700                sema_try_down
                0x000000000001079c                sema_up
                0x0000000000010854                sema_self_test
                0x0000000000010944                lock_init
                0x00000000000109a8                lock_acquire
                0x0000000000010a68                lock_try_acquire
                0x0000000000010b18                lock_release
                0x0000000000010ba0                lock_held_by_current_thread
                0x0000000000010c08                cond_init
                0x0000000000010c58                cond_wait
                0x0000000000010d68                cond_signal
                0x0000000000010e74                cond_broadcast
 .text          0x0000000000010f10      0x238 build/timer.o
                0x0000000000010f10                timer_init
                0x0000000000010f5c                timer_get_timestamp
                0x0000000000010f80                timer_busy_msleep
                0x0000000000010fdc                timer_msleep
 .text          0x0000000000011148     0x1620 build/thread.o
                0x0000000000011174                thread_init
                0x000000000001141c                thread_start
                0x000000000001146c                thread_tick
                0x0000000000011518                thread_print_stats
                0x0000000000011564                thread_create
                0x0000000000011738                thread_block
                0x00000000000117bc                thread_unblock
                0x000000000001186c                thread_name
                0x0000000000011888                thread_current
                0x000000000001190c                thread_tid
                0x0000000000011928                thread_exit
                0x00000000000119f0                thread_yield
                0x0000000000011da4                thread_schedule_tail
                0x0000000000011e74                thread_foreach
                0x0000000000011f1c                thread_set_priority
                0x0000000000011f44                thread_get_priority
                0x0000000000011f60                thread_set_nice
                0x0000000000011f7c                thread_get_nice
                0x0000000000011f98                thread_get_load_avg
                0x0000000000011fb4                thread_get_recent_cpu
                0x0000000000012360                getThreadById
                0x00000000000123e4                wakeWaitedThread
                0x0000000000012470                wait
                0x00000000000124d8                visitTimeWaitList
                0x000000000001256c                add_timer_wait_list
                0x000000000001259c                setShellThread
                0x00000000000125c8                unblockShellThread
                0x00000000000125fc                printAllThreadInfor
 .text          0x0000000000012768      0x958 build/video.o
                0x0000000000012768                video_init
                0x00000000000127e4                video_clean
                0x0000000000012898                video_putc
 .text          0x00000000000130c0      0x114 libgcc/libgcc.a(_udivsi3.o)
                0x00000000000130c0                __udivsi3
                0x00000000000130c0                __aeabi_uidiv
                0x00000000000131b4                __aeabi_uidivmod
 .text          0x00000000000131d4      0x148 libgcc/libgcc.a(_divsi3.o)
                0x00000000000131d4                __aeabi_idiv
                0x00000000000131d4                __divsi3
                0x00000000000132fc                __aeabi_idivmod
 .text          0x000000000001331c        0x4 libgcc/libgcc.a(_dvmd_tls.o)
                0x000000000001331c                __aeabi_ldiv0
                0x000000000001331c                __aeabi_idiv0
 .text          0x0000000000013320       0x3c libgcc/libgcc.a(_aeabi_uldivmod.o)
                0x0000000000013320                __aeabi_uldivmod
 .text          0x000000000001335c       0x84 libgcc/libgcc.a(bpabi.o)
                0x000000000001335c                __gnu_ldivmod_helper
                0x00000000000133a0                __gnu_uldivmod_helper
 .text          0x00000000000133e0      0x4f8 libgcc/libgcc.a(_divdi3.o)
                0x00000000000133e0                __divdi3
 .text          0x00000000000138d8      0x498 libgcc/libgcc.a(_udivdi3.o)
                0x00000000000138d8                __udivdi3
 .text          0x0000000000013d70      0xfb0 libgcc/libgcc.a(unwind-arm.o)
                0x00000000000141f8                _Unwind_GetCFA
                0x0000000000014200                __gnu_Unwind_RaiseException
                0x00000000000142ac                __gnu_Unwind_ForcedUnwind
                0x00000000000142d0                __gnu_Unwind_Resume
                0x0000000000014348                __gnu_Unwind_Resume_or_Rethrow
                0x0000000000014368                _Unwind_Complete
                0x000000000001436c                _Unwind_DeleteException
                0x0000000000014390                _Unwind_VRS_Get
                0x0000000000014404                _Unwind_VRS_Set
                0x00000000000148a8                __aeabi_unwind_cpp_pr2
                0x00000000000148b0                __aeabi_unwind_cpp_pr1
                0x00000000000148b8                __aeabi_unwind_cpp_pr0
                0x00000000000148c0                __gnu_Unwind_Backtrace
                0x000000000001498c                _Unwind_VRS_Pop
 .text          0x0000000000014d20      0x1b0 libgcc/libgcc.a(libunwind.o)
                0x0000000000014d20                __restore_core_regs
                0x0000000000014d20                restore_core_regs
                0x0000000000014d3c                __gnu_Unwind_Restore_VFP
                0x0000000000014d44                __gnu_Unwind_Save_VFP
                0x0000000000014d4c                __gnu_Unwind_Restore_VFP_D
                0x0000000000014d54                __gnu_Unwind_Save_VFP_D
                0x0000000000014d5c                __gnu_Unwind_Restore_VFP_D_16_to_31
                0x0000000000014d64                __gnu_Unwind_Save_VFP_D_16_to_31
                0x0000000000014d6c                __gnu_Unwind_Restore_WMMXD
                0x0000000000014db0                __gnu_Unwind_Save_WMMXD
                0x0000000000014df4                __gnu_Unwind_Restore_WMMXC
                0x0000000000014e08                __gnu_Unwind_Save_WMMXC
                0x0000000000014e1c                ___Unwind_RaiseException
                0x0000000000014e1c                _Unwind_RaiseException
                0x0000000000014e40                ___Unwind_Resume
                0x0000000000014e40                _Unwind_Resume
                0x0000000000014e64                _Unwind_Resume_or_Rethrow
                0x0000000000014e64                ___Unwind_Resume_or_Rethrow
                0x0000000000014e88                ___Unwind_ForcedUnwind
                0x0000000000014e88                _Unwind_ForcedUnwind
                0x0000000000014eac                _Unwind_Backtrace
                0x0000000000014eac                ___Unwind_Backtrace
 .text          0x0000000000014ed0      0x53c libgcc/libgcc.a(pr-support.o)
                0x0000000000014f64                __gnu_unwind_execute
                0x0000000000015380                __gnu_unwind_frame
                0x00000000000153c8                _Unwind_GetRegionStart
                0x00000000000153dc                _Unwind_GetLanguageSpecificData
                0x00000000000153fc                _Unwind_GetDataRelBase
                0x0000000000015404                _Unwind_GetTextRelBase
 .text          0x000000000001540c       0x48 libgcc/libgcc.a(_clzsi2.o)
                0x000000000001540c                __clzsi2
 *(.rodata)
 .rodata        0x0000000000015454       0x98 build/bitmap.o
 .rodata        0x00000000000154ec       0x64 build/console.o
 .rodata        0x0000000000015550       0x70 build/debug.o
 .rodata        0x00000000000155c0       0x6c build/hash.o
 .rodata        0x000000000001562c      0x234 build/init.o
 .rodata        0x0000000000015860      0x11c build/list.o
 .rodata        0x000000000001597c      0x128 build/interrupt.o
 .rodata        0x0000000000015aa4       0x78 build/malloc.o
 .rodata        0x0000000000015b1c       0xf8 build/palloc.o
 .rodata        0x0000000000015c14       0x10 build/serial.o
 .rodata        0x0000000000015c24      0x134 build/stdio.o
 .rodata        0x0000000000015d58       0x34 build/stdlib.o
 .rodata        0x0000000000015d8c       0x80 build/string.o
 .rodata        0x0000000000015e0c       0xf0 build/synch.o
 .rodata        0x0000000000015efc       0x54 build/timer.o
 .rodata        0x0000000000015f50      0x25c build/thread.o

.data           0x0000000000017000     0x2090
 *(.data)
 .data          0x0000000000017000        0x0 build/contextSwitch.o
 .data          0x0000000000017000      0x810 build/drawing.o
 *fill*         0x0000000000017810      0x7f0 
 .data          0x0000000000018000     0x1000 build/frameBufferInfo.o
                0x0000000000018000                FrameBufferInfo
 .data          0x0000000000019000        0x0 build/gpioFunction.o
 .data          0x0000000000019000       0x40 build/interruptsHandlers.o
                0x0000000000019000                exec_int_msg
 .data          0x0000000000019040        0x0 build/mailbox.o
 .data          0x0000000000019040        0x0 build/memoryCopy.o
 .data          0x0000000000019040        0x0 build/start.o
 .data          0x0000000000019040        0x0 build/bitmap.o
 .data          0x0000000000019040        0x0 build/console.o
 .data          0x0000000000019040        0x0 build/debug.o
 .data          0x0000000000019040        0x0 build/framebuffer.o
 .data          0x0000000000019040        0x0 build/gpio.o
 .data          0x0000000000019040        0x0 build/hash.o
 .data          0x0000000000019040       0x24 build/init.o
                0x0000000000019044                builtinCmd
                0x0000000000019054                builtinFunc
 .data          0x0000000000019064        0x0 build/list.o
 .data          0x0000000000019064        0x0 build/interrupt.o
 .data          0x0000000000019064        0x0 build/malloc.o
 .data          0x0000000000019064        0x0 build/palloc.o
 .data          0x0000000000019064        0x0 build/random.o
 .data          0x0000000000019064        0x0 build/serial.o
 .data          0x0000000000019064       0x18 build/stdio.o
 .data          0x000000000001907c        0x0 build/stdlib.o
 .data          0x000000000001907c        0x0 build/string.o
 .data          0x000000000001907c        0x0 build/synch.o
 .data          0x000000000001907c        0x0 build/timer.o
 .data          0x000000000001907c       0x14 build/thread.o
 .data          0x0000000000019090        0x0 build/video.o
 .data          0x0000000000019090        0x0 libgcc/libgcc.a(_udivsi3.o)
 .data          0x0000000000019090        0x0 libgcc/libgcc.a(_divsi3.o)
 .data          0x0000000000019090        0x0 libgcc/libgcc.a(_dvmd_tls.o)
 .data          0x0000000000019090        0x0 libgcc/libgcc.a(_aeabi_uldivmod.o)
 .data          0x0000000000019090        0x0 libgcc/libgcc.a(bpabi.o)
 .data          0x0000000000019090        0x0 libgcc/libgcc.a(_divdi3.o)
 .data          0x0000000000019090        0x0 libgcc/libgcc.a(_udivdi3.o)
 .data          0x0000000000019090        0x0 libgcc/libgcc.a(unwind-arm.o)
 .data          0x0000000000019090        0x0 libgcc/libgcc.a(libunwind.o)
 .data          0x0000000000019090        0x0 libgcc/libgcc.a(pr-support.o)
 .data          0x0000000000019090        0x0 libgcc/libgcc.a(_clzsi2.o)

.bss            0x0000000000019090      0x780
 *(.bss)
 .bss           0x0000000000019090        0x0 build/contextSwitch.o
 .bss           0x0000000000019090        0x0 build/drawing.o
 .bss           0x0000000000019090        0x0 build/frameBufferInfo.o
 .bss           0x0000000000019090        0x0 build/gpioFunction.o
 .bss           0x0000000000019090        0x0 build/interruptsHandlers.o
 .bss           0x0000000000019090        0x0 build/mailbox.o
 .bss           0x0000000000019090        0x0 build/memoryCopy.o
 .bss           0x0000000000019090        0x0 build/start.o
 .bss           0x0000000000019090        0x0 build/bitmap.o
 .bss           0x0000000000019090       0x90 build/console.o
 .bss           0x0000000000019120        0x0 build/debug.o
 .bss           0x0000000000019120        0x0 build/framebuffer.o
 .bss           0x0000000000019120        0x0 build/gpio.o
 .bss           0x0000000000019120        0x0 build/hash.o
 .bss           0x0000000000019120       0xac build/init.o
 .bss           0x00000000000191cc        0x0 build/list.o
 .bss           0x00000000000191cc      0x20c build/interrupt.o
 .bss           0x00000000000193d8      0x1e4 build/malloc.o
 .bss           0x00000000000195bc       0x40 build/palloc.o
 .bss           0x00000000000195fc      0x104 build/random.o
 .bss           0x0000000000019700       0x68 build/serial.o
 .bss           0x0000000000019768        0x0 build/stdio.o
 .bss           0x0000000000019768        0x0 build/stdlib.o
 .bss           0x0000000000019768        0x0 build/string.o
 .bss           0x0000000000019768        0x0 build/synch.o
 .bss           0x0000000000019768        0x0 build/timer.o
 .bss           0x0000000000019768       0x88 build/thread.o
 .bss           0x00000000000197f0       0x20 build/video.o
 .bss           0x0000000000019810        0x0 libgcc/libgcc.a(_udivsi3.o)
 .bss           0x0000000000019810        0x0 libgcc/libgcc.a(_divsi3.o)
 .bss           0x0000000000019810        0x0 libgcc/libgcc.a(_dvmd_tls.o)
 .bss           0x0000000000019810        0x0 libgcc/libgcc.a(_aeabi_uldivmod.o)
 .bss           0x0000000000019810        0x0 libgcc/libgcc.a(bpabi.o)
 .bss           0x0000000000019810        0x0 libgcc/libgcc.a(_divdi3.o)
 .bss           0x0000000000019810        0x0 libgcc/libgcc.a(_udivdi3.o)
 .bss           0x0000000000019810        0x0 libgcc/libgcc.a(unwind-arm.o)
 .bss           0x0000000000019810        0x0 libgcc/libgcc.a(libunwind.o)
 .bss           0x0000000000019810        0x0 libgcc/libgcc.a(pr-support.o)
 .bss           0x0000000000019810        0x0 libgcc/libgcc.a(_clzsi2.o)

.ARM.extab      0x0000000000019810       0x30
 *(.ARM.extab* .gnu.linkonce.armextab.*)
 .ARM.extab     0x0000000000019810        0x0 libgcc/libgcc.a(_divdi3.o)
 .ARM.extab     0x0000000000019810        0x0 libgcc/libgcc.a(_udivdi3.o)
 .ARM.extab     0x0000000000019810       0x18 libgcc/libgcc.a(unwind-arm.o)
 .ARM.extab     0x0000000000019828       0x18 libgcc/libgcc.a(pr-support.o)
                0x0000000000019840                __exidx_start = .

.ARM.exidx      0x0000000000019840       0xd0
 *(.ARM.exidx* .gnu.linkonce.armexidx.*)
 .ARM.exidx     0x0000000000019840        0x8 libgcc/libgcc.a(_divdi3.o)
 .ARM.exidx     0x0000000000019848        0x0 libgcc/libgcc.a(_udivdi3.o)
                                          0x8 (size before relaxing)
 .ARM.exidx     0x0000000000019848       0x90 libgcc/libgcc.a(unwind-arm.o)
                                         0xd8 (size before relaxing)
 .ARM.exidx     0x00000000000198d8       0x38 libgcc/libgcc.a(pr-support.o)
                                         0x48 (size before relaxing)
                0x0000000000019910                __exidx_end = .

/DISCARD/
 *(*)
LOAD libgcc/libgcc.a
OUTPUT(build/output.elf elf32-littlearm)
