Archive member included because of file (symbol)

libgcc/libgcc.a(_udivsi3.o)   build/malloc.o (__aeabi_uidiv)
libgcc/libgcc.a(_divsi3.o)    build/stdio.o (__aeabi_idivmod)
libgcc/libgcc.a(_dvmd_tls.o)  libgcc/libgcc.a(_udivsi3.o) (__aeabi_idiv0)
libgcc/libgcc.a(_aeabi_uldivmod.o)
                              build/stdio.o (__aeabi_uldivmod)
libgcc/libgcc.a(bpabi.o)      libgcc/libgcc.a(_aeabi_uldivmod.o) (__gnu_uldivmod_helper)
libgcc/libgcc.a(_divdi3.o)    libgcc/libgcc.a(bpabi.o) (__divdi3)
libgcc/libgcc.a(_udivdi3.o)   libgcc/libgcc.a(bpabi.o) (__udivdi3)
libgcc/libgcc.a(unwind-arm.o)
                              libgcc/libgcc.a(_divdi3.o) (__aeabi_unwind_cpp_pr0)
libgcc/libgcc.a(libunwind.o)  libgcc/libgcc.a(unwind-arm.o) (restore_core_regs)
libgcc/libgcc.a(pr-support.o)
                              libgcc/libgcc.a(unwind-arm.o) (__gnu_unwind_execute)
libgcc/libgcc.a(_clzsi2.o)    libgcc/libgcc.a(_divdi3.o) (__clzsi2)

Discarded input sections

 .ARM.attributes
                0x0000000000000000       0x16 build/contextSwitch.o
 .ARM.attributes
                0x0000000000000000       0x14 build/drawing.o
 .ARM.attributes
                0x0000000000000000       0x14 build/frameBufferInfo.o
 .ARM.attributes
                0x0000000000000000       0x14 build/gpioFunction.o
 .ARM.attributes
                0x0000000000000000       0x14 build/interruptsHandlers.o
 .ARM.attributes
                0x0000000000000000       0x14 build/mailbox.o
 .ARM.attributes
                0x0000000000000000       0x14 build/memoryCopy.o
 .ARM.attributes
                0x0000000000000000       0x14 build/start.o
 .comment       0x0000000000000000       0x20 build/bitmap.o
 .ARM.attributes
                0x0000000000000000       0x38 build/bitmap.o
 .comment       0x0000000000000000       0x20 build/console.o
 .ARM.attributes
                0x0000000000000000       0x38 build/console.o
 .comment       0x0000000000000000       0x20 build/debug.o
 .ARM.attributes
                0x0000000000000000       0x38 build/debug.o
 .comment       0x0000000000000000       0x20 build/framebuffer.o
 .ARM.attributes
                0x0000000000000000       0x38 build/framebuffer.o
 .comment       0x0000000000000000       0x20 build/gpio.o
 .ARM.attributes
                0x0000000000000000       0x38 build/gpio.o
 .comment       0x0000000000000000       0x20 build/hash.o
 .ARM.attributes
                0x0000000000000000       0x38 build/hash.o
 .comment       0x0000000000000000       0x20 build/init.o
 .ARM.attributes
                0x0000000000000000       0x38 build/init.o
 .comment       0x0000000000000000       0x20 build/list.o
 .ARM.attributes
                0x0000000000000000       0x38 build/list.o
 .comment       0x0000000000000000       0x20 build/interrupt.o
 .ARM.attributes
                0x0000000000000000       0x38 build/interrupt.o
 .comment       0x0000000000000000       0x20 build/malloc.o
 .ARM.attributes
                0x0000000000000000       0x38 build/malloc.o
 .comment       0x0000000000000000       0x20 build/palloc.o
 .ARM.attributes
                0x0000000000000000       0x38 build/palloc.o
 .comment       0x0000000000000000       0x20 build/random.o
 .ARM.attributes
                0x0000000000000000       0x38 build/random.o
 .comment       0x0000000000000000       0x20 build/serial.o
 .ARM.attributes
                0x0000000000000000       0x38 build/serial.o
 .comment       0x0000000000000000       0x20 build/stdio.o
 .ARM.attributes
                0x0000000000000000       0x38 build/stdio.o
 .comment       0x0000000000000000       0x20 build/stdlib.o
 .ARM.attributes
                0x0000000000000000       0x38 build/stdlib.o
 .comment       0x0000000000000000       0x20 build/string.o
 .ARM.attributes
                0x0000000000000000       0x38 build/string.o
 .comment       0x0000000000000000       0x20 build/synch.o
 .ARM.attributes
                0x0000000000000000       0x38 build/synch.o
 .comment       0x0000000000000000       0x20 build/timer.o
 .ARM.attributes
                0x0000000000000000       0x38 build/timer.o
 .comment       0x0000000000000000       0x20 build/thread.o
 .ARM.attributes
                0x0000000000000000       0x38 build/thread.o
 .comment       0x0000000000000000       0x20 build/video.o
 .ARM.attributes
                0x0000000000000000       0x38 build/video.o
 .debug_frame   0x0000000000000000       0x20 libgcc/libgcc.a(_udivsi3.o)
 .ARM.attributes
                0x0000000000000000       0x18 libgcc/libgcc.a(_udivsi3.o)
 .debug_line    0x0000000000000000       0x8a libgcc/libgcc.a(_udivsi3.o)
 .debug_info    0x0000000000000000       0x99 libgcc/libgcc.a(_udivsi3.o)
 .debug_abbrev  0x0000000000000000       0x14 libgcc/libgcc.a(_udivsi3.o)
 .debug_aranges
                0x0000000000000000       0x20 libgcc/libgcc.a(_udivsi3.o)
 .debug_frame   0x0000000000000000       0x20 libgcc/libgcc.a(_divsi3.o)
 .ARM.attributes
                0x0000000000000000       0x18 libgcc/libgcc.a(_divsi3.o)
 .debug_line    0x0000000000000000       0x96 libgcc/libgcc.a(_divsi3.o)
 .debug_info    0x0000000000000000       0x99 libgcc/libgcc.a(_divsi3.o)
 .debug_abbrev  0x0000000000000000       0x14 libgcc/libgcc.a(_divsi3.o)
 .debug_aranges
                0x0000000000000000       0x20 libgcc/libgcc.a(_divsi3.o)
 .ARM.attributes
                0x0000000000000000       0x18 libgcc/libgcc.a(_dvmd_tls.o)
 .debug_line    0x0000000000000000       0x61 libgcc/libgcc.a(_dvmd_tls.o)
 .debug_info    0x0000000000000000       0x99 libgcc/libgcc.a(_dvmd_tls.o)
 .debug_abbrev  0x0000000000000000       0x14 libgcc/libgcc.a(_dvmd_tls.o)
 .debug_aranges
                0x0000000000000000       0x20 libgcc/libgcc.a(_dvmd_tls.o)
 .ARM.attributes
                0x0000000000000000       0x18 libgcc/libgcc.a(_aeabi_uldivmod.o)
 .debug_line    0x0000000000000000       0x66 libgcc/libgcc.a(_aeabi_uldivmod.o)
 .debug_info    0x0000000000000000       0x95 libgcc/libgcc.a(_aeabi_uldivmod.o)
 .debug_abbrev  0x0000000000000000       0x14 libgcc/libgcc.a(_aeabi_uldivmod.o)
 .debug_aranges
                0x0000000000000000       0x20 libgcc/libgcc.a(_aeabi_uldivmod.o)
 .debug_info    0x0000000000000000      0x174 libgcc/libgcc.a(bpabi.o)
 .debug_abbrev  0x0000000000000000       0xb7 libgcc/libgcc.a(bpabi.o)
 .debug_loc     0x0000000000000000       0xe0 libgcc/libgcc.a(bpabi.o)
 .debug_aranges
                0x0000000000000000       0x20 libgcc/libgcc.a(bpabi.o)
 .debug_line    0x0000000000000000       0x67 libgcc/libgcc.a(bpabi.o)
 .debug_str     0x0000000000000000       0xef libgcc/libgcc.a(bpabi.o)
 .comment       0x0000000000000000       0x12 libgcc/libgcc.a(bpabi.o)
 .ARM.attributes
                0x0000000000000000       0x30 libgcc/libgcc.a(bpabi.o)
 .debug_frame   0x0000000000000000       0x54 libgcc/libgcc.a(bpabi.o)
 .debug_info    0x0000000000000000      0x5ec libgcc/libgcc.a(_divdi3.o)
 .debug_abbrev  0x0000000000000000      0x165 libgcc/libgcc.a(_divdi3.o)
 .debug_loc     0x0000000000000000      0xb77 libgcc/libgcc.a(_divdi3.o)
 .debug_aranges
                0x0000000000000000       0x20 libgcc/libgcc.a(_divdi3.o)
 .debug_ranges  0x0000000000000000       0xc8 libgcc/libgcc.a(_divdi3.o)
 .debug_line    0x0000000000000000       0xdb libgcc/libgcc.a(_divdi3.o)
 .debug_str     0x0000000000000000      0x1a3 libgcc/libgcc.a(_divdi3.o)
 .comment       0x0000000000000000       0x12 libgcc/libgcc.a(_divdi3.o)
 .ARM.attributes
                0x0000000000000000       0x30 libgcc/libgcc.a(_divdi3.o)
 .debug_frame   0x0000000000000000       0x38 libgcc/libgcc.a(_divdi3.o)
 .debug_info    0x0000000000000000      0x5ab libgcc/libgcc.a(_udivdi3.o)
 .debug_abbrev  0x0000000000000000      0x154 libgcc/libgcc.a(_udivdi3.o)
 .debug_loc     0x0000000000000000      0xc8c libgcc/libgcc.a(_udivdi3.o)
 .debug_aranges
                0x0000000000000000       0x20 libgcc/libgcc.a(_udivdi3.o)
 .debug_ranges  0x0000000000000000       0xd8 libgcc/libgcc.a(_udivdi3.o)
 .debug_line    0x0000000000000000       0xce libgcc/libgcc.a(_udivdi3.o)
 .debug_str     0x0000000000000000      0x1a4 libgcc/libgcc.a(_udivdi3.o)
 .comment       0x0000000000000000       0x12 libgcc/libgcc.a(_udivdi3.o)
 .ARM.attributes
                0x0000000000000000       0x30 libgcc/libgcc.a(_udivdi3.o)
 .debug_frame   0x0000000000000000       0x38 libgcc/libgcc.a(_udivdi3.o)
 .debug_info    0x0000000000000000     0x1d4d libgcc/libgcc.a(unwind-arm.o)
 .debug_abbrev  0x0000000000000000      0x48f libgcc/libgcc.a(unwind-arm.o)
 .debug_loc     0x0000000000000000     0x18d0 libgcc/libgcc.a(unwind-arm.o)
 .debug_aranges
                0x0000000000000000       0x20 libgcc/libgcc.a(unwind-arm.o)
 .debug_ranges  0x0000000000000000      0x138 libgcc/libgcc.a(unwind-arm.o)
 .debug_line    0x0000000000000000      0x538 libgcc/libgcc.a(unwind-arm.o)
 .debug_str     0x0000000000000000      0xb7f libgcc/libgcc.a(unwind-arm.o)
 .comment       0x0000000000000000       0x12 libgcc/libgcc.a(unwind-arm.o)
 .ARM.attributes
                0x0000000000000000       0x30 libgcc/libgcc.a(unwind-arm.o)
 .debug_frame   0x0000000000000000      0x290 libgcc/libgcc.a(unwind-arm.o)
 .ARM.attributes
                0x0000000000000000       0x1c libgcc/libgcc.a(libunwind.o)
 .debug_line    0x0000000000000000       0xaf libgcc/libgcc.a(libunwind.o)
 .debug_info    0x0000000000000000       0x99 libgcc/libgcc.a(libunwind.o)
 .debug_abbrev  0x0000000000000000       0x14 libgcc/libgcc.a(libunwind.o)
 .debug_aranges
                0x0000000000000000       0x20 libgcc/libgcc.a(libunwind.o)
 .debug_info    0x0000000000000000      0xa5b libgcc/libgcc.a(pr-support.o)
 .debug_abbrev  0x0000000000000000      0x26c libgcc/libgcc.a(pr-support.o)
 .debug_loc     0x0000000000000000      0x652 libgcc/libgcc.a(pr-support.o)
 .debug_aranges
                0x0000000000000000       0x20 libgcc/libgcc.a(pr-support.o)
 .debug_ranges  0x0000000000000000       0x48 libgcc/libgcc.a(pr-support.o)
 .debug_line    0x0000000000000000      0x1c4 libgcc/libgcc.a(pr-support.o)
 .debug_str     0x0000000000000000      0x4de libgcc/libgcc.a(pr-support.o)
 .comment       0x0000000000000000       0x12 libgcc/libgcc.a(pr-support.o)
 .ARM.attributes
                0x0000000000000000       0x30 libgcc/libgcc.a(pr-support.o)
 .debug_frame   0x0000000000000000       0xe4 libgcc/libgcc.a(pr-support.o)
 .ARM.attributes
                0x0000000000000000       0x18 libgcc/libgcc.a(_clzsi2.o)
 .debug_line    0x0000000000000000       0x6e libgcc/libgcc.a(_clzsi2.o)
 .debug_info    0x0000000000000000       0x99 libgcc/libgcc.a(_clzsi2.o)
 .debug_abbrev  0x0000000000000000       0x14 libgcc/libgcc.a(_clzsi2.o)
 .debug_aranges
                0x0000000000000000       0x20 libgcc/libgcc.a(_clzsi2.o)

Memory Configuration

Name             Origin             Length             Attributes
*default*        0x0000000000000000 0xffffffffffffffff

Linker script and memory map

LOAD build/contextSwitch.o
LOAD build/drawing.o
LOAD build/frameBufferInfo.o
LOAD build/gpioFunction.o
LOAD build/interruptsHandlers.o
LOAD build/mailbox.o
LOAD build/memoryCopy.o
LOAD build/start.o
LOAD build/bitmap.o
LOAD build/console.o
LOAD build/debug.o
LOAD build/framebuffer.o
LOAD build/gpio.o
LOAD build/hash.o
LOAD build/init.o
LOAD build/list.o
LOAD build/interrupt.o
LOAD build/malloc.o
LOAD build/palloc.o
LOAD build/random.o
LOAD build/serial.o
LOAD build/stdio.o
LOAD build/stdlib.o
LOAD build/string.o
LOAD build/synch.o
LOAD build/timer.o
LOAD build/thread.o
LOAD build/video.o

.init           0x0000000000008000       0x8c
 *(.init)
 .init          0x0000000000008000       0x8c build/start.o
                0x0000000000008000                _start

.text           0x000000000000808c     0xea68
 *(.text)
 .text          0x000000000000808c       0xe8 build/contextSwitch.o
                0x000000000000808c                save_context
                0x00000000000080e8                save_and_switch_context
                0x0000000000008160                PUT32
                0x0000000000008168                GET32
                0x0000000000008170                dummy
 .text          0x0000000000008174      0x178 build/drawing.o
                0x0000000000008174                SetForeColour
                0x000000000000818c                GetForeColour
                0x0000000000008198                SetGraphicsAddress
                0x00000000000081a4                GetGraphicsAddress
                0x00000000000081b0                DrawPixel
                0x00000000000081f8                DrawLine
                0x0000000000008274                DrawCharacter
 .text          0x00000000000082ec       0x60 build/frameBufferInfo.o
                0x00000000000082ec                InitialiseFrameBuffer
 .text          0x000000000000834c       0x98 build/gpioFunction.o
                0x000000000000834c                GetGpioAddress
                0x0000000000008354                SetGpioFunction
                0x00000000000083a4                SetGpio
 .text          0x00000000000083e4      0x130 build/interruptsHandlers.o
                0x00000000000083e4                print_executing_interrupt
                0x00000000000083f4                generate_swi_interrupt
                0x00000000000083fc                swi_handler_int
                0x0000000000008460                irq_handler_int
                0x00000000000084c0                get_cpsr_value
                0x00000000000084c8                enable_irq_interruptions
                0x00000000000084d8                disable_irq_interruptions
                0x00000000000084e8                enable_fiq_interruptions
                0x00000000000084f8                disable_fiq_interruptions
                0x0000000000008508                get_current_sp
 .text          0x0000000000008514       0x6c build/mailbox.o
                0x0000000000008514                GetMailboxBase
                0x000000000000851c                MailboxRead
                0x0000000000008550                MailboxWrite
 .text          0x0000000000008580       0x70 build/memoryCopy.o
                0x0000000000008580                memory_fastest_copy
                0x00000000000085d0                memory_fast_copy
 .text          0x00000000000085f0        0x0 build/start.o
 .text          0x00000000000085f0      0x9e4 build/bitmap.o
                0x00000000000086a0                bitmap_create
                0x0000000000008744                bitmap_create_in_buf
                0x00000000000087d4                bitmap_buf_size
                0x0000000000008800                bitmap_destroy
                0x000000000000883c                bitmap_size
                0x0000000000008864                bitmap_set
                0x0000000000008904                bitmap_test
                0x00000000000089b8                bitmap_set_all
                0x0000000000008a20                bitmap_set_multiple
                0x0000000000008b10                bitmap_mark
                0x0000000000008b7c                bitmap_reset
                0x0000000000008bec                bitmap_contains
                0x0000000000008cf4                bitmap_any
                0x0000000000008d30                bitmap_none
                0x0000000000008d8c                bitmap_all
                0x0000000000008de8                bitmap_scan
                0x0000000000008f08                bitmap_scan_and_flip
                0x0000000000008f8c                bitmap_dump
 .text          0x0000000000008fd4      0x3b8 build/console.o
                0x0000000000008fd4                console_init
                0x0000000000008ffc                console_panic
                0x0000000000009020                console_print_stats
                0x0000000000009190                vprintf
                0x00000000000091dc                puts
                0x0000000000009238                putbuf
                0x000000000000928c                putchar
 .text          0x000000000000938c      0x128 build/debug.o
                0x000000000000938c                debug_panic
                0x0000000000009410                debug_print_bits_int
                0x000000000000948c                abort
 .text          0x00000000000094b4       0x58 build/framebuffer.o
                0x00000000000094b4                framebuffer_init
 .text          0x000000000000950c       0x50 build/gpio.o
                0x000000000000950c                gpio_enable_function
                0x0000000000009534                gpio_set_register
 .text          0x000000000000955c      0xc28 build/hash.o
                0x000000000000955c                hash_init
                0x000000000000960c                hash_clear
                0x00000000000096e0                hash_destroy
                0x0000000000009724                hash_insert
                0x0000000000009790                hash_replace
                0x0000000000009808                hash_find
                0x000000000000984c                hash_delete
                0x00000000000098b4                hash_apply
                0x00000000000099a0                hash_first
                0x0000000000009a4c                hash_next
                0x0000000000009b68                hash_cur
                0x0000000000009b90                hash_size
                0x0000000000009bb8                hash_empty
                0x0000000000009bf0                hash_bytes
                0x0000000000009c94                hash_string
                0x0000000000009d30                hash_int
 .text          0x000000000000a184      0xb90 build/init.o
                0x000000000000a500                parseLine
                0x000000000000a5b8                execLine
                0x000000000000a660                ts
                0x000000000000a6c8                priority
                0x000000000000a794                runThread
                0x000000000000a9d0                pRun
                0x000000000000aa1c                bg
                0x000000000000aa3c                help
                0x000000000000aad0                exec
                0x000000000000ab54                init
 .text          0x000000000000ad14     0x1284 build/list.o
                0x000000000000ae34                list_init
                0x000000000000aeac                list_begin
                0x000000000000aefc                list_next
                0x000000000000af68                list_end
                0x000000000000afb8                list_rbegin
                0x000000000000b008                list_prev
                0x000000000000b074                list_rend
                0x000000000000b0c0                list_head
                0x000000000000b10c                list_tail
                0x000000000000b15c                list_insert
                0x000000000000b218                list_splice
                0x000000000000b350                list_push_front
                0x000000000000b384                list_push_back
                0x000000000000b3b8                list_remove
                0x000000000000b438                list_pop_front
                0x000000000000b46c                list_pop_back
                0x000000000000b4a0                list_front
                0x000000000000b500                list_back
                0x000000000000b564                list_size
                0x000000000000b5cc                list_empty
                0x000000000000b658                list_reverse
                0x000000000000ba70                list_sort
                0x000000000000bc00                list_insert_ordered
                0x000000000000bd04                list_unique
                0x000000000000be48                list_max
                0x000000000000bef0                list_min
 .text          0x000000000000bf98      0x9a8 build/interrupt.o
                0x000000000000bf98                interrupts_init
                0x000000000000c034                interrupts_register_irq
                0x000000000000c0b0                interrupts_register_swi
                0x000000000000c0f0                interrupts_get_irq_name
                0x000000000000c148                interrupts_get_swi_name
                0x000000000000c16c                interrupts_get_level
                0x000000000000c1a4                interrupts_set_level
                0x000000000000c1e4                interrupts_enable
                0x000000000000c210                interrupts_disable
                0x000000000000c23c                interrupts_print_status
                0x000000000000c2d8                interrupts_context
                0x000000000000c2fc                interrupts_was_irq_generated
                0x000000000000c320                interrupts_yield_on_return
                0x000000000000c344                interrupts_dispatch_irq
                0x000000000000c594                interrupts_dispatch_swi
                0x000000000000c638                interrupts_debug
 .text          0x000000000000c940      0x8b0 build/malloc.o
                0x000000000000c998                malloc_init
                0x000000000000caa0                malloc
                0x000000000000cd00                calloc
                0x000000000000cdf8                realloc
                0x000000000000ce98                free
 .text          0x000000000000d1f0      0x578 build/palloc.o
                0x000000000000d244                palloc_init
                0x000000000000d318                palloc_get_multiple
                0x000000000000d44c                palloc_get_page
                0x000000000000d480                palloc_free_multiple
                0x000000000000d5e8                palloc_free_page
 .text          0x000000000000d768      0x2b8 build/random.o
                0x000000000000d7b0                random_init
                0x000000000000d8cc                random_bytes
                0x000000000000d9f4                random_ulong
 .text          0x000000000000da20      0x4d8 build/serial.o
                0x000000000000da20                serial_init
                0x000000000000da30                serial_putc
                0x000000000000da58                serial_flush
                0x000000000000da6c                serial_notify
                0x000000000000dc30                uart_init
                0x000000000000dd08                uart_putc_helper
                0x000000000000dd58                uart_putc
                0x000000000000dda0                uart_getc
                0x000000000000dde4                uart_write
                0x000000000000de40                uart_puts
                0x000000000000de70                test_serial
                0x000000000000de80                setBufferPointer
                0x000000000000deac                getBuffer
                0x000000000000decc                enableInput
 .text          0x000000000000def8     0x1764 build/stdio.o
                0x000000000000df80                vsnprintf
                0x000000000000e078                snprintf
                0x000000000000e0c8                printf
                0x000000000000e108                __vprintf
                0x000000000000f2ac                __printf
                0x000000000000f2f0                hex_dump
                0x000000000000f5a8                print_human_readable_size
 .text          0x000000000000f65c      0x764 build/stdlib.o
                0x000000000000f714                atoi
                0x000000000000f89c                qsort
                0x000000000000fb2c                sort
                0x000000000000fc78                bsearch
                0x000000000000fccc                binary_search
 .text          0x000000000000fdc0      0xcf0 build/string.o
                0x000000000000fdc0                memcpy
                0x000000000000fe94                memmove
                0x000000000000ffdc                memcmp
                0x00000000000100e8                strcmp
                0x00000000000101e8                memchr
                0x0000000000010298                strchr
                0x0000000000010330                strcspn
                0x00000000000103b0                strpbrk
                0x000000000001041c                strrchr
                0x0000000000010490                strspn
                0x0000000000010510                strstr
                0x00000000000105c4                strtok_r
                0x0000000000010738                memset
                0x00000000000107d4                strlen
                0x0000000000010854                strnlen
                0x00000000000108bc                strlcpy
                0x0000000000010994                strlcat
 .text          0x0000000000010ab0      0x948 build/synch.o
                0x0000000000010ab0                sema_init
                0x0000000000010b14                sema_down
                0x0000000000010be8                sema_try_down
                0x0000000000010c84                sema_up
                0x0000000000010d3c                sema_self_test
                0x0000000000010e2c                lock_init
                0x0000000000010e90                lock_acquire
                0x0000000000010f50                lock_try_acquire
                0x0000000000011000                lock_release
                0x0000000000011088                lock_held_by_current_thread
                0x00000000000110f0                cond_init
                0x0000000000011140                cond_wait
                0x0000000000011250                cond_signal
                0x000000000001135c                cond_broadcast
 .text          0x00000000000113f8      0x22c build/timer.o
                0x00000000000113f8                timer_init
                0x0000000000011438                timer_get_timestamp
                0x000000000001145c                timer_busy_msleep
                0x00000000000114b8                timer_msleep
 .text          0x0000000000011624     0x1698 build/thread.o
                0x0000000000011650                thread_init
                0x0000000000011904                thread_start
                0x0000000000011954                thread_tick
                0x0000000000011a14                thread_print_stats
                0x0000000000011a60                thread_create
                0x0000000000011c34                thread_block
                0x0000000000011cb8                thread_unblock
                0x0000000000011d6c                thread_name
                0x0000000000011d88                thread_current
                0x0000000000011e08                thread_tid
                0x0000000000011e24                thread_exit
                0x0000000000011eec                thread_yield
                0x00000000000122a0                thread_schedule_tail
                0x000000000001236c                thread_foreach
                0x0000000000012410                thread_set_priority
                0x0000000000012438                thread_get_priority
                0x0000000000012454                thread_set_nice
                0x0000000000012470                thread_get_nice
                0x000000000001248c                thread_get_load_avg
                0x00000000000124a8                thread_get_recent_cpu
                0x0000000000012888                getThreadById
                0x000000000001290c                wakeWaitedThread
                0x0000000000012998                wait
                0x0000000000012a00                visitTimeWaitList
                0x0000000000012a94                add_timer_wait_list
                0x0000000000012ac4                setShellThread
                0x0000000000012af0                unblockShellThread
                0x0000000000012b24                printAllThreadInfor
                0x0000000000012c90                setEnablePriority
 .text          0x0000000000012cbc      0x958 build/video.o
                0x0000000000012cbc                video_init
                0x0000000000012d38                video_clean
                0x0000000000012dec                video_putc
 .text          0x0000000000013614      0x114 libgcc/libgcc.a(_udivsi3.o)
                0x0000000000013614                __udivsi3
                0x0000000000013614                __aeabi_uidiv
                0x0000000000013708                __aeabi_uidivmod
 .text          0x0000000000013728      0x148 libgcc/libgcc.a(_divsi3.o)
                0x0000000000013728                __aeabi_idiv
                0x0000000000013728                __divsi3
                0x0000000000013850                __aeabi_idivmod
 .text          0x0000000000013870        0x4 libgcc/libgcc.a(_dvmd_tls.o)
                0x0000000000013870                __aeabi_ldiv0
                0x0000000000013870                __aeabi_idiv0
 .text          0x0000000000013874       0x3c libgcc/libgcc.a(_aeabi_uldivmod.o)
                0x0000000000013874                __aeabi_uldivmod
 .text          0x00000000000138b0       0x84 libgcc/libgcc.a(bpabi.o)
                0x00000000000138b0                __gnu_ldivmod_helper
                0x00000000000138f4                __gnu_uldivmod_helper
 .text          0x0000000000013934      0x4f8 libgcc/libgcc.a(_divdi3.o)
                0x0000000000013934                __divdi3
 .text          0x0000000000013e2c      0x498 libgcc/libgcc.a(_udivdi3.o)
                0x0000000000013e2c                __udivdi3
 .text          0x00000000000142c4      0xfb0 libgcc/libgcc.a(unwind-arm.o)
                0x000000000001474c                _Unwind_GetCFA
                0x0000000000014754                __gnu_Unwind_RaiseException
                0x0000000000014800                __gnu_Unwind_ForcedUnwind
                0x0000000000014824                __gnu_Unwind_Resume
                0x000000000001489c                __gnu_Unwind_Resume_or_Rethrow
                0x00000000000148bc                _Unwind_Complete
                0x00000000000148c0                _Unwind_DeleteException
                0x00000000000148e4                _Unwind_VRS_Get
                0x0000000000014958                _Unwind_VRS_Set
                0x0000000000014dfc                __aeabi_unwind_cpp_pr2
                0x0000000000014e04                __aeabi_unwind_cpp_pr1
                0x0000000000014e0c                __aeabi_unwind_cpp_pr0
                0x0000000000014e14                __gnu_Unwind_Backtrace
                0x0000000000014ee0                _Unwind_VRS_Pop
 .text          0x0000000000015274      0x1b0 libgcc/libgcc.a(libunwind.o)
                0x0000000000015274                __restore_core_regs
                0x0000000000015274                restore_core_regs
                0x0000000000015290                __gnu_Unwind_Restore_VFP
                0x0000000000015298                __gnu_Unwind_Save_VFP
                0x00000000000152a0                __gnu_Unwind_Restore_VFP_D
                0x00000000000152a8                __gnu_Unwind_Save_VFP_D
                0x00000000000152b0                __gnu_Unwind_Restore_VFP_D_16_to_31
                0x00000000000152b8                __gnu_Unwind_Save_VFP_D_16_to_31
                0x00000000000152c0                __gnu_Unwind_Restore_WMMXD
                0x0000000000015304                __gnu_Unwind_Save_WMMXD
                0x0000000000015348                __gnu_Unwind_Restore_WMMXC
                0x000000000001535c                __gnu_Unwind_Save_WMMXC
                0x0000000000015370                ___Unwind_RaiseException
                0x0000000000015370                _Unwind_RaiseException
                0x0000000000015394                ___Unwind_Resume
                0x0000000000015394                _Unwind_Resume
                0x00000000000153b8                _Unwind_Resume_or_Rethrow
                0x00000000000153b8                ___Unwind_Resume_or_Rethrow
                0x00000000000153dc                ___Unwind_ForcedUnwind
                0x00000000000153dc                _Unwind_ForcedUnwind
                0x0000000000015400                _Unwind_Backtrace
                0x0000000000015400                ___Unwind_Backtrace
 .text          0x0000000000015424      0x53c libgcc/libgcc.a(pr-support.o)
                0x00000000000154b8                __gnu_unwind_execute
                0x00000000000158d4                __gnu_unwind_frame
                0x000000000001591c                _Unwind_GetRegionStart
                0x0000000000015930                _Unwind_GetLanguageSpecificData
                0x0000000000015950                _Unwind_GetDataRelBase
                0x0000000000015958                _Unwind_GetTextRelBase
 .text          0x0000000000015960       0x48 libgcc/libgcc.a(_clzsi2.o)
                0x0000000000015960                __clzsi2
 *(.rodata)
 .rodata        0x00000000000159a8       0x98 build/bitmap.o
 .rodata        0x0000000000015a40       0x64 build/console.o
 .rodata        0x0000000000015aa4       0x70 build/debug.o
 .rodata        0x0000000000015b14       0x6c build/hash.o
 .rodata        0x0000000000015b80      0x658 build/init.o
 .rodata        0x00000000000161d8      0x11c build/list.o
 .rodata        0x00000000000162f4      0x128 build/interrupt.o
 .rodata        0x000000000001641c       0x78 build/malloc.o
 .rodata        0x0000000000016494       0xf8 build/palloc.o
 .rodata        0x000000000001658c       0x10 build/serial.o
 .rodata        0x000000000001659c      0x134 build/stdio.o
 .rodata        0x00000000000166d0       0x34 build/stdlib.o
 .rodata        0x0000000000016704       0x80 build/string.o
 .rodata        0x0000000000016784       0xf0 build/synch.o
 .rodata        0x0000000000016874       0x30 build/timer.o
 .rodata        0x00000000000168a4      0x250 build/thread.o

.data           0x0000000000017000     0x20cc
 *(.data)
 .data          0x0000000000017000        0x0 build/contextSwitch.o
 .data          0x0000000000017000      0x810 build/drawing.o
 *fill*         0x0000000000017810      0x7f0 
 .data          0x0000000000018000     0x1000 build/frameBufferInfo.o
                0x0000000000018000                FrameBufferInfo
 .data          0x0000000000019000        0x0 build/gpioFunction.o
 .data          0x0000000000019000       0x40 build/interruptsHandlers.o
                0x0000000000019000                exec_int_msg
 .data          0x0000000000019040        0x0 build/mailbox.o
 .data          0x0000000000019040        0x0 build/memoryCopy.o
 .data          0x0000000000019040        0x0 build/start.o
 .data          0x0000000000019040        0x0 build/bitmap.o
 .data          0x0000000000019040        0x0 build/console.o
 .data          0x0000000000019040        0x0 build/debug.o
 .data          0x0000000000019040        0x0 build/framebuffer.o
 .data          0x0000000000019040        0x0 build/gpio.o
 .data          0x0000000000019040        0x0 build/hash.o
 .data          0x0000000000019040       0x5c build/init.o
                0x0000000000019044                builtinCmd
                0x0000000000019058                builtinFunc
                0x000000000001906c                builtinTest
                0x0000000000019084                builtinTestFunc
 .data          0x000000000001909c        0x0 build/list.o
 .data          0x000000000001909c        0x0 build/interrupt.o
 .data          0x000000000001909c        0x0 build/malloc.o
 .data          0x000000000001909c        0x0 build/palloc.o
 .data          0x000000000001909c        0x0 build/random.o
 .data          0x000000000001909c        0x4 build/serial.o
 .data          0x00000000000190a0       0x18 build/stdio.o
 .data          0x00000000000190b8        0x0 build/stdlib.o
 .data          0x00000000000190b8        0x0 build/string.o
 .data          0x00000000000190b8        0x0 build/synch.o
 .data          0x00000000000190b8        0x0 build/timer.o
 .data          0x00000000000190b8       0x14 build/thread.o
 .data          0x00000000000190cc        0x0 build/video.o
 .data          0x00000000000190cc        0x0 libgcc/libgcc.a(_udivsi3.o)
 .data          0x00000000000190cc        0x0 libgcc/libgcc.a(_divsi3.o)
 .data          0x00000000000190cc        0x0 libgcc/libgcc.a(_dvmd_tls.o)
 .data          0x00000000000190cc        0x0 libgcc/libgcc.a(_aeabi_uldivmod.o)
 .data          0x00000000000190cc        0x0 libgcc/libgcc.a(bpabi.o)
 .data          0x00000000000190cc        0x0 libgcc/libgcc.a(_divdi3.o)
 .data          0x00000000000190cc        0x0 libgcc/libgcc.a(_udivdi3.o)
 .data          0x00000000000190cc        0x0 libgcc/libgcc.a(unwind-arm.o)
 .data          0x00000000000190cc        0x0 libgcc/libgcc.a(libunwind.o)
 .data          0x00000000000190cc        0x0 libgcc/libgcc.a(pr-support.o)
 .data          0x00000000000190cc        0x0 libgcc/libgcc.a(_clzsi2.o)

.bss            0x00000000000190d0      0x780
 *(.bss)
 .bss           0x00000000000190d0        0x0 build/contextSwitch.o
 .bss           0x00000000000190d0        0x0 build/drawing.o
 .bss           0x00000000000190d0        0x0 build/frameBufferInfo.o
 .bss           0x00000000000190d0        0x0 build/gpioFunction.o
 .bss           0x00000000000190d0        0x0 build/interruptsHandlers.o
 .bss           0x00000000000190d0        0x0 build/mailbox.o
 .bss           0x00000000000190d0        0x0 build/memoryCopy.o
 .bss           0x00000000000190d0        0x0 build/start.o
 .bss           0x00000000000190d0        0x0 build/bitmap.o
 .bss           0x00000000000190d0       0x90 build/console.o
 .bss           0x0000000000019160        0x0 build/debug.o
 .bss           0x0000000000019160        0x0 build/framebuffer.o
 .bss           0x0000000000019160        0x0 build/gpio.o
 .bss           0x0000000000019160        0x0 build/hash.o
 .bss           0x0000000000019160       0xac build/init.o
 .bss           0x000000000001920c        0x0 build/list.o
 .bss           0x000000000001920c      0x20c build/interrupt.o
 .bss           0x0000000000019418      0x1e4 build/malloc.o
 .bss           0x00000000000195fc       0x40 build/palloc.o
 .bss           0x000000000001963c      0x104 build/random.o
 .bss           0x0000000000019740       0x68 build/serial.o
 .bss           0x00000000000197a8        0x0 build/stdio.o
 .bss           0x00000000000197a8        0x0 build/stdlib.o
 .bss           0x00000000000197a8        0x0 build/string.o
 .bss           0x00000000000197a8        0x0 build/synch.o
 .bss           0x00000000000197a8        0x0 build/timer.o
 .bss           0x00000000000197a8       0x88 build/thread.o
 .bss           0x0000000000019830       0x20 build/video.o
 .bss           0x0000000000019850        0x0 libgcc/libgcc.a(_udivsi3.o)
 .bss           0x0000000000019850        0x0 libgcc/libgcc.a(_divsi3.o)
 .bss           0x0000000000019850        0x0 libgcc/libgcc.a(_dvmd_tls.o)
 .bss           0x0000000000019850        0x0 libgcc/libgcc.a(_aeabi_uldivmod.o)
 .bss           0x0000000000019850        0x0 libgcc/libgcc.a(bpabi.o)
 .bss           0x0000000000019850        0x0 libgcc/libgcc.a(_divdi3.o)
 .bss           0x0000000000019850        0x0 libgcc/libgcc.a(_udivdi3.o)
 .bss           0x0000000000019850        0x0 libgcc/libgcc.a(unwind-arm.o)
 .bss           0x0000000000019850        0x0 libgcc/libgcc.a(libunwind.o)
 .bss           0x0000000000019850        0x0 libgcc/libgcc.a(pr-support.o)
 .bss           0x0000000000019850        0x0 libgcc/libgcc.a(_clzsi2.o)

.ARM.extab      0x0000000000019850       0x30
 *(.ARM.extab* .gnu.linkonce.armextab.*)
 .ARM.extab     0x0000000000019850        0x0 libgcc/libgcc.a(_divdi3.o)
 .ARM.extab     0x0000000000019850        0x0 libgcc/libgcc.a(_udivdi3.o)
 .ARM.extab     0x0000000000019850       0x18 libgcc/libgcc.a(unwind-arm.o)
 .ARM.extab     0x0000000000019868       0x18 libgcc/libgcc.a(pr-support.o)
                0x0000000000019880                __exidx_start = .

.ARM.exidx      0x0000000000019880       0xd0
 *(.ARM.exidx* .gnu.linkonce.armexidx.*)
 .ARM.exidx     0x0000000000019880        0x8 libgcc/libgcc.a(_divdi3.o)
 .ARM.exidx     0x0000000000019888        0x0 libgcc/libgcc.a(_udivdi3.o)
                                          0x8 (size before relaxing)
 .ARM.exidx     0x0000000000019888       0x90 libgcc/libgcc.a(unwind-arm.o)
                                         0xd8 (size before relaxing)
 .ARM.exidx     0x0000000000019918       0x38 libgcc/libgcc.a(pr-support.o)
                                         0x48 (size before relaxing)
                0x0000000000019950                __exidx_end = .

/DISCARD/
 *(*)
LOAD libgcc/libgcc.a
OUTPUT(build/output.elf elf32-littlearm)
